Component: ARM Compiler 5.06 update 5 (build 528) Tool: armlink [4d35e2]

==============================================================================

Section Cross References

    startup_stm32f10x_md.o(STACK) refers (Special) to heapauxi.o(.text) for __use_two_region_memory
    startup_stm32f10x_md.o(HEAP) refers (Special) to heapauxi.o(.text) for __use_two_region_memory
    startup_stm32f10x_md.o(RESET) refers (Special) to heapauxi.o(.text) for __use_two_region_memory
    startup_stm32f10x_md.o(RESET) refers to startup_stm32f10x_md.o(STACK) for __initial_sp
    startup_stm32f10x_md.o(RESET) refers to startup_stm32f10x_md.o(.text) for Reset_Handler
    startup_stm32f10x_md.o(RESET) refers to stm32f10x_it.o(i.NMI_Handler) for NMI_Handler
    startup_stm32f10x_md.o(RESET) refers to stm32f10x_it.o(i.HardFault_Handler) for HardFault_Handler
    startup_stm32f10x_md.o(RESET) refers to stm32f10x_it.o(i.MemManage_Handler) for MemManage_Handler
    startup_stm32f10x_md.o(RESET) refers to stm32f10x_it.o(i.BusFault_Handler) for BusFault_Handler
    startup_stm32f10x_md.o(RESET) refers to stm32f10x_it.o(i.UsageFault_Handler) for UsageFault_Handler
    startup_stm32f10x_md.o(RESET) refers to stm32f10x_it.o(i.SVC_Handler) for SVC_Handler
    startup_stm32f10x_md.o(RESET) refers to stm32f10x_it.o(i.DebugMon_Handler) for DebugMon_Handler
    startup_stm32f10x_md.o(RESET) refers to stm32f10x_it.o(i.PendSV_Handler) for PendSV_Handler
    startup_stm32f10x_md.o(RESET) refers to stm32f10x_it.o(i.SysTick_Handler) for SysTick_Handler
    startup_stm32f10x_md.o(RESET) refers to main.o(i.TIM2_IRQHandler) for TIM2_IRQHandler
    startup_stm32f10x_md.o(RESET) refers to serial.o(i.USART1_IRQHandler) for USART1_IRQHandler
    startup_stm32f10x_md.o(.text) refers (Special) to heapauxi.o(.text) for __use_two_region_memory
    startup_stm32f10x_md.o(.text) refers to system_stm32f10x.o(i.SystemInit) for SystemInit
    startup_stm32f10x_md.o(.text) refers to __main.o(!!!main) for __main
    startup_stm32f10x_md.o(.text) refers to startup_stm32f10x_md.o(HEAP) for Heap_Mem
    startup_stm32f10x_md.o(.text) refers to startup_stm32f10x_md.o(STACK) for Stack_Mem
    system_stm32f10x.o(i.SetSysClock) refers to system_stm32f10x.o(i.SetSysClockTo72) for SetSysClockTo72
    system_stm32f10x.o(i.SystemCoreClockUpdate) refers to system_stm32f10x.o(.data) for SystemCoreClock
    system_stm32f10x.o(i.SystemInit) refers to system_stm32f10x.o(i.SetSysClock) for SetSysClock
    stm32f10x_adc.o(i.ADC_DeInit) refers to stm32f10x_rcc.o(i.RCC_APB2PeriphResetCmd) for RCC_APB2PeriphResetCmd
    stm32f10x_bkp.o(i.BKP_DeInit) refers to stm32f10x_rcc.o(i.RCC_BackupResetCmd) for RCC_BackupResetCmd
    stm32f10x_can.o(i.CAN_DeInit) refers to stm32f10x_rcc.o(i.RCC_APB1PeriphResetCmd) for RCC_APB1PeriphResetCmd
    stm32f10x_can.o(i.CAN_GetITStatus) refers to stm32f10x_can.o(i.CheckITStatus) for CheckITStatus
    stm32f10x_cec.o(i.CEC_DeInit) refers to stm32f10x_rcc.o(i.RCC_APB1PeriphResetCmd) for RCC_APB1PeriphResetCmd
    stm32f10x_dac.o(i.DAC_DeInit) refers to stm32f10x_rcc.o(i.RCC_APB1PeriphResetCmd) for RCC_APB1PeriphResetCmd
    stm32f10x_flash.o(i.FLASH_EnableWriteProtection) refers to stm32f10x_flash.o(i.FLASH_WaitForLastOperation) for FLASH_WaitForLastOperation
    stm32f10x_flash.o(i.FLASH_EraseAllBank1Pages) refers to stm32f10x_flash.o(i.FLASH_WaitForLastBank1Operation) for FLASH_WaitForLastBank1Operation
    stm32f10x_flash.o(i.FLASH_EraseAllPages) refers to stm32f10x_flash.o(i.FLASH_WaitForLastOperation) for FLASH_WaitForLastOperation
    stm32f10x_flash.o(i.FLASH_EraseOptionBytes) refers to stm32f10x_flash.o(i.FLASH_GetReadOutProtectionStatus) for FLASH_GetReadOutProtectionStatus
    stm32f10x_flash.o(i.FLASH_EraseOptionBytes) refers to stm32f10x_flash.o(i.FLASH_WaitForLastOperation) for FLASH_WaitForLastOperation
    stm32f10x_flash.o(i.FLASH_ErasePage) refers to stm32f10x_flash.o(i.FLASH_WaitForLastOperation) for FLASH_WaitForLastOperation
    stm32f10x_flash.o(i.FLASH_ProgramHalfWord) refers to stm32f10x_flash.o(i.FLASH_WaitForLastOperation) for FLASH_WaitForLastOperation
    stm32f10x_flash.o(i.FLASH_ProgramOptionByteData) refers to stm32f10x_flash.o(i.FLASH_WaitForLastOperation) for FLASH_WaitForLastOperation
    stm32f10x_flash.o(i.FLASH_ProgramWord) refers to stm32f10x_flash.o(i.FLASH_WaitForLastOperation) for FLASH_WaitForLastOperation
    stm32f10x_flash.o(i.FLASH_ReadOutProtection) refers to stm32f10x_flash.o(i.FLASH_WaitForLastOperation) for FLASH_WaitForLastOperation
    stm32f10x_flash.o(i.FLASH_UserOptionByteConfig) refers to stm32f10x_flash.o(i.FLASH_WaitForLastOperation) for FLASH_WaitForLastOperation
    stm32f10x_flash.o(i.FLASH_WaitForLastBank1Operation) refers to stm32f10x_flash.o(i.FLASH_GetBank1Status) for FLASH_GetBank1Status
    stm32f10x_flash.o(i.FLASH_WaitForLastOperation) refers to stm32f10x_flash.o(i.FLASH_GetBank1Status) for FLASH_GetBank1Status
[...]
    .ARM.Collect$$_printf_percent$$00000002  0x08000166   Section        6  _printf_p.o(.ARM.Collect$$_printf_percent$$00000002)
    .ARM.Collect$$_printf_percent$$00000003  0x0800016c   Section        6  _printf_f.o(.ARM.Collect$$_printf_percent$$00000003)
    .ARM.Collect$$_printf_percent$$00000004  0x08000172   Section        6  _printf_e.o(.ARM.Collect$$_printf_percent$$00000004)
    .ARM.Collect$$_printf_percent$$00000005  0x08000178   Section        6  _printf_g.o(.ARM.Collect$$_printf_percent$$00000005)
    .ARM.Collect$$_printf_percent$$00000006  0x0800017e   Section        6  _printf_a.o(.ARM.Collect$$_printf_percent$$00000006)
    .ARM.Collect$$_printf_percent$$00000007  0x08000184   Section       10  _printf_ll.o(.ARM.Collect$$_printf_percent$$00000007)
    .ARM.Collect$$_printf_percent$$00000008  0x0800018e   Section        6  _printf_i.o(.ARM.Collect$$_printf_percent$$00000008)
    .ARM.Collect$$_printf_percent$$00000009  0x08000194   Section        6  _printf_d.o(.ARM.Collect$$_printf_percent$$00000009)
    .ARM.Collect$$_printf_percent$$0000000A  0x0800019a   Section        6  _printf_u.o(.ARM.Collect$$_printf_percent$$0000000A)
    .ARM.Collect$$_printf_percent$$0000000B  0x080001a0   Section        6  _printf_o.o(.ARM.Collect$$_printf_percent$$0000000B)
    .ARM.Collect$$_printf_percent$$0000000C  0x080001a6   Section        6  _printf_x.o(.ARM.Collect$$_printf_percent$$0000000C)
    .ARM.Collect$$_printf_percent$$0000000D  0x080001ac   Section        6  _printf_lli.o(.ARM.Collect$$_printf_percent$$0000000D)
    .ARM.Collect$$_printf_percent$$0000000E  0x080001b2   Section        6  _printf_lld.o(.ARM.Collect$$_printf_percent$$0000000E)
    .ARM.Collect$$_printf_percent$$0000000F  0x080001b8   Section        6  _printf_llu.o(.ARM.Collect$$_printf_percent$$0000000F)
    .ARM.Collect$$_printf_percent$$00000010  0x080001be   Section        6  _printf_llo.o(.ARM.Collect$$_printf_percent$$00000010)
    .ARM.Collect$$_printf_percent$$00000011  0x080001c4   Section        6  _printf_llx.o(.ARM.Collect$$_printf_percent$$00000011)
    .ARM.Collect$$_printf_percent$$00000012  0x080001ca   Section       10  _printf_l.o(.ARM.Collect$$_printf_percent$$00000012)
    .ARM.Collect$$_printf_percent$$00000013  0x080001d4   Section        6  _printf_c.o(.ARM.Collect$$_printf_percent$$00000013)
    .ARM.Collect$$_printf_percent$$00000014  0x080001da   Section        6  _printf_s.o(.ARM.Collect$$_printf_percent$$00000014)
    .ARM.Collect$$_printf_percent$$00000015  0x080001e0   Section        6  _printf_lc.o(.ARM.Collect$$_printf_percent$$00000015)
    .ARM.Collect$$_printf_percent$$00000016  0x080001e6   Section        6  _printf_ls.o(.ARM.Collect$$_printf_percent$$00000016)
    .ARM.Collect$$_printf_percent$$00000017  0x080001ec   Section        4  _printf_percent_end.o(.ARM.Collect$$_printf_percent$$00000017)
    .ARM.Collect$$libinit$$00000000          0x080001f0   Section        2  libinit.o(.ARM.Collect$$libinit$$00000000)
    .ARM.Collect$$libinit$$00000002          0x080001f2   Section        0  libinit2.o(.ARM.Collect$$libinit$$00000002)
    .ARM.Collect$$libinit$$00000004          0x080001f2   Section        0  libinit2.o(.ARM.Collect$$libinit$$00000004)
    .ARM.Collect$$libinit$$0000000A          0x080001f2   Section        0  libinit2.o(.ARM.Collect$$libinit$$0000000A)
    .ARM.Collect$$libinit$$0000000C          0x080001f2   Section        0  libinit2.o(.ARM.Collect$$libinit$$0000000C)
    .ARM.Collect$$libinit$$0000000E          0x080001f2   Section        0  libinit2.o(.ARM.Collect$$libinit$$0000000E)
    .ARM.Collect$$libinit$$0000000F          0x080001f2   Section        6  libinit2.o(.ARM.Collect$$libinit$$0000000F)
    .ARM.Collect$$libinit$$00000011          0x080001f8   Section        0  libinit2.o(.ARM.Collect$$libinit$$00000011)
    .ARM.Collect$$libinit$$00000012          0x080001f8   Section       12  libinit2.o(.ARM.Collect$$libinit$$00000012)
    .ARM.Collect$$libinit$$00000013          0x08000204   Section        0  libinit2.o(.ARM.Collect$$libinit$$00000013)
    .ARM.Collect$$libinit$$00000015          0x08000204   Section        0  libinit2.o(.ARM.Collect$$libinit$$00000015)
    .ARM.Collect$$libinit$$00000016          0x08000204   Section       10  libinit2.o(.ARM.Collect$$libinit$$00000016)
    .ARM.Collect$$libinit$$00000017          0x0800020e   Section        0  libinit2.o(.ARM.Collect$$libinit$$00000017)
    .ARM.Collect$$libinit$$00000019          0x0800020e   Section        0  libinit2.o(.ARM.Collect$$libinit$$00000019)
    .ARM.Collect$$libinit$$0000001B          0x0800020e   Section        0  libinit2.o(.ARM.Collect$$libinit$$0000001B)
    .ARM.Collect$$libinit$$0000001D          0x0800020e   Section        0  libinit2.o(.ARM.Collect$$libinit$$0000001D)
    .ARM.Collect$$libinit$$0000001F          0x0800020e   Section        0  libinit2.o(.ARM.Collect$$libinit$$0000001F)
    .ARM.Collect$$libinit$$00000021          0x0800020e   Section        0  libinit2.o(.ARM.Collect$$libinit$$00000021)
    .ARM.Collect$$libinit$$00000023          0x0800020e   Section        0  libinit2.o(.ARM.Collect$$libinit$$00000023)
    .ARM.Collect$$libinit$$00000025          0x0800020e   Section        0  libinit2.o(.ARM.Collect$$libinit$$00000025)
    .ARM.Collect$$libinit$$0000002C          0x0800020e   Section        0  libinit2.o(.ARM.Collect$$libinit$$0000002C)
    .ARM.Collect$$libinit$$0000002E          0x0800020e   Section        0  libinit2.o(.ARM.Collect$$libinit$$0000002E)
    .ARM.Collect$$libinit$$00000030          0x0800020e   Section        0  libinit2.o(.ARM.Collect$$libinit$$00000030)
    .ARM.Collect$$libinit$$00000032          0x0800020e   Section        0  libinit2.o(.ARM.Collect$$libinit$$00000032)
    .ARM.Collect$$libinit$$00000033          0x0800020e   Section        2  libinit2.o(.ARM.Collect$$libinit$$00000033)
    .ARM.Collect$$libshutdown$$00000000      0x08000210   Section        2  libshutdown.o(.ARM.Collect$$libshutdown$$00000000)
    .ARM.Collect$$libshutdown$$00000002      0x08000212   Section        0  libshutdown2.o(.ARM.Collect$$libshutdown$$00000002)
    .ARM.Collect$$libshutdown$$00000004      0x08000212   Section        0  libshutdown2.o(.ARM.Collect$$libshutdown$$00000004)
    .ARM.Collect$$libshutdown$$00000007      0x08000212   Section        0  libshutdown2.o(.ARM.Collect$$libshutdown$$00000007)
    .ARM.Collect$$libshutdown$$0000000A      0x08000212   Section        0  libshutdown2.o(.ARM.Collect$$libshutdown$$0000000A)
    .ARM.Collect$$libshutdown$$0000000C      0x08000212   Section        0  libshutdown2.o(.ARM.Collect$$libshutdown$$0000000C)
    .ARM.Collect$$libshutdown$$0000000F      0x08000212   Section        0  libshutdown2.o(.ARM.Collect$$libshutdown$$0000000F)
    .ARM.Collect$$libshutdown$$00000010      0x08000212   Section        2  libshutdown2.o(.ARM.Collect$$libshutdown$$00000010)
    .ARM.Collect$$rtentry$$00000000          0x08000214   Section        0  __rtentry.o(.ARM.Collect$$rtentry$$00000000)
    .ARM.Collect$$rtentry$$00000002          0x08000214   Section        0  __rtentry2.o(.ARM.Collect$$rtentry$$00000002)
    .ARM.Collect$$rtentry$$00000004          0x08000214   Section        6  __rtentry4.o(.ARM.Collect$$rtentry$$00000004)
    .ARM.Collect$$rtentry$$00000009          0x0800021a   Section        0  __rtentry2.o(.ARM.Collect$$rtentry$$00000009)
    .ARM.Collect$$rtentry$$0000000A          0x0800021a   Section        4  __rtentry2.o(.ARM.Collect$$rtentry$$0000000A)
    .ARM.Collect$$rtentry$$0000000C          0x0800021e   Section        0  __rtentry2.o(.ARM.Collect$$rtentry$$0000000C)
    .ARM.Collect$$rtentry$$0000000D          0x0800021e   Section        8  __rtentry2.o(.ARM.Collect$$rtentry$$0000000D)
    .ARM.Collect$$rtexit$$00000000           0x08000226   Section        2  rtexit.o(.ARM.Collect$$rtexit$$00000000)
    .ARM.Collect$$rtexit$$00000002           0x08000228   Section        0  rtexit2.o(.ARM.Collect$$rtexit$$00000002)
    .ARM.Collect$$rtexit$$00000003           0x08000228   Section        4  rtexit2.o(.ARM.Collect$$rtexit$$00000003)
    .ARM.Collect$$rtexit$$00000004           0x0800022c   Section        6  rtexit2.o(.ARM.Collect$$rtexit$$00000004)
    .text                                    0x08000234   Section       64  startup_stm32f10x_md.o(.text)
    .text                                    0x08000274   Section        0  vsprintf.o(.text)
    .text                                    0x08000298   Section        0  heapauxi.o(.text)
    .text                                    0x0800029e   Section        0  _printf_pad.o(.text)
    .text                                    0x080002ec   Section        0  _printf_truncate.o(.text)
    .text                                    0x08000310   Section        0  _printf_str.o(.text)
    .text                                    0x08000364   Section        0  _printf_dec.o(.text)
    .text                                    0x080003dc   Section        0  _printf_charcount.o(.text)
    .text                                    0x08000404   Section        0  _printf_char_common.o(.text)
    _printf_input_char                       0x08000405   Thumb Code    10  _printf_char_common.o(.text)
    .text                                    0x08000434   Section        0  _sputc.o(.text)
    .text                                    0x08000440   Section        0  _printf_wctomb.o(.text)
    .text                                    0x080004fc   Section        0  _printf_longlong_dec.o(.text)
    .text                                    0x08000578   Section        0  _printf_oct_int_ll.o(.text)
    _printf_longlong_oct_internal            0x08000579   Thumb Code     0  _printf_oct_int_ll.o(.text)
    .text                                    0x080005e8   Section        0  _printf_hex_int_ll_ptr.o(.text)
    _printf_hex_common                       0x080005e9   Thumb Code     0  _printf_hex_int_ll_ptr.o(.text)
    .text                                    0x0800067c   Section        0  __printf_flags_ss_wp.o(.text)
    .text                                    0x08000804   Section      138  lludiv10.o(.text)
    .text                                    0x0800088e   Section        0  _printf_intcommon.o(.text)
    .text                                    0x08000940   Section        0  _printf_fp_dec.o(.text)
    _fp_digits                               0x08000943   Thumb Code   432  _printf_fp_dec.o(.text)
    .text                                    0x08000d60   Section        0  _printf_fp_hex.o(.text)
    .text                                    0x0800105c   Section        0  _printf_char.o(.text)
    .text                                    0x08001088   Section        0  _printf_wchar.o(.text)
    .text                                    0x080010b4   Section        0  _wcrtomb.o(.text)
    .text                                    0x080010f4   Section       74  sys_stackheap_outer.o(.text)
    .text                                    0x08001140   Section       16  rt_ctype_table.o(.text)
    .text                                    0x08001150   Section        8  rt_locale_intlibspace.o(.text)
    .text                                    0x08001158   Section        0  _printf_fp_infnan.o(.text)
    .text                                    0x080011d8   Section        0  bigflt0.o(.text)
    .text                                    0x080012bc   Section        0  exit.o(.text)
    .text                                    0x080012d0   Section        8  libspace.o(.text)
    .text                                    0x080012d8   Section      128  strcmpv7m.o(.text)
    .text                                    0x08001358   Section        0  sys_exit.o(.text)
    .text                                    0x08001364   Section        2  use_no_semi.o(.text)
    .text                                    0x08001366   Section        0  indicate_semi.o(.text)
    CL$$btod_d2e                             0x08001366   Section       62  btod.o(CL$$btod_d2e)
    CL$$btod_d2e_denorm_low                  0x080013a4   Section       70  btod.o(CL$$btod_d2e_denorm_low)
    CL$$btod_d2e_norm_op1                    0x080013ea   Section       96  btod.o(CL$$btod_d2e_norm_op1)
    CL$$btod_div_common                      0x0800144a   Section      824  btod.o(CL$$btod_div_common)
    CL$$btod_e2e                             0x08001782   Section      220  btod.o(CL$$btod_e2e)
    CL$$btod_ediv                            0x0800185e   Section       42  btod.o(CL$$btod_ediv)
    CL$$btod_emul                            0x08001888   Section       42  btod.o(CL$$btod_emul)
    CL$$btod_mult_common                     0x080018b2   Section      580  btod.o(CL$$btod_mult_common)
    i.BusFault_Handler                       0x08001af6   Section        0  stm32f10x_it.o(i.BusFault_Handler)
    i.DebugMon_Handler                       0x08001afa   Section        0  stm32f10x_it.o(i.DebugMon_Handler)
    i.Encoder_Get_TIM3                       0x08001afc   Section        0  encoder.o(i.Encoder_Get_TIM3)
    i.Encoder_Init                           0x08001b18   Section        0  encoder.o(i.Encoder_Init)
    i.GPIO_Init                              0x08001c50   Section        0  stm32f10x_gpio.o(i.GPIO_Init)
    i.GPIO_ResetBits                         0x08001d66   Section        0  stm32f10x_gpio.o(i.GPIO_ResetBits)
    i.GPIO_SetBits                           0x08001d6a   Section        0  stm32f10x_gpio.o(i.GPIO_SetBits)
    i.GPIO_WriteBit                          0x08001d6e   Section        0  stm32f10x_gpio.o(i.GPIO_WriteBit)
    i.HardFault_Handler                      0x08001d78   Section        0  stm32f10x_it.o(i.HardFault_Handler)
    i.Key_GetNum                             0x08001d7c   Section        0  key.o(i.Key_GetNum)
    i.Key_Init                               0x08001d98   Section        0  key.o(i.Key_Init)
    i.MemManage_Handler                      0x08001dc4   Section        0  stm32f10x_it.o(i.MemManage_Handler)
    i.Motor_Init                             0x08001dc8   Section        0  motor.o(i.Motor_Init)
    i.Motor_SetSpeed1                        0x08001e00   Section        0  motor.o(i.Motor_SetSpeed1)
    i.NMI_Handler                            0x08001e48   Section        0  stm32f10x_it.o(i.NMI_Handler)
    i.NVIC_Init                              0x08001e4c   Section        0  misc.o(i.NVIC_Init)
    i.NVIC_PriorityGroupConfig               0x08001ebc   Section        0  misc.o(i.NVIC_PriorityGroupConfig)
    i.OLED_Clear                             0x08001ed0   Section        0  oled.o(i.OLED_Clear)
    i.OLED_I2C_Init                          0x08001efc   Section        0  oled.o(i.OLED_I2C_Init)
    i.OLED_I2C_SendByte                      0x08001f4c   Section        0  oled.o(i.OLED_I2C_SendByte)
    i.OLED_I2C_Start                         0x08001fa8   Section        0  oled.o(i.OLED_I2C_Start)
    i.OLED_I2C_Stop                          0x08001fdc   Section        0  oled.o(i.OLED_I2C_Stop)
    i.OLED_Init                              0x08002004   Section        0  oled.o(i.OLED_Init)
    i.OLED_SetCursor                         0x080020b2   Section        0  oled.o(i.OLED_SetCursor)
    i.OLED_WriteCommand                      0x080020d4   Section        0  oled.o(i.OLED_WriteCommand)
    i.OLED_WriteData                         0x080020f4   Section        0  oled.o(i.OLED_WriteData)
    i.PWM_Init                               0x08002114   Section        0  pwm.o(i.PWM_Init)
    i.PWM_SetCompare3                        0x080021b4   Section        0  pwm.o(i.PWM_SetCompare3)
    i.PendSV_Handler                         0x080021c4   Section        0  stm32f10x_it.o(i.PendSV_Handler)
    i.RCC_APB1PeriphClockCmd                 0x080021c8   Section        0  stm32f10x_rcc.o(i.RCC_APB1PeriphClockCmd)
    i.RCC_APB2PeriphClockCmd                 0x080021e8   Section        0  stm32f10x_rcc.o(i.RCC_APB2PeriphClockCmd)
    i.RCC_GetClocksFreq                      0x08002208   Section        0  stm32f10x_rcc.o(i.RCC_GetClocksFreq)
    i.SVC_Handler                            0x080022dc   Section        0  stm32f10x_it.o(i.SVC_Handler)
    i.Serial_Init                            0x080022e0   Section        0  serial.o(i.Serial_Init)
    i.Serial_Printf                          0x08002398   Section        0  serial.o(i.Serial_Printf)
    i.Serial_SendByte                        0x080023bc   Section        0  serial.o(i.Serial_SendByte)
    i.Serial_SendString                      0x080023dc   Section        0  serial.o(i.Serial_SendString)
    i.SetSysClock                            0x080023f6   Section        0  system_stm32f10x.o(i.SetSysClock)
    SetSysClock                              0x080023f7   Thumb Code     8  system_stm32f10x.o(i.SetSysClock)
    i.SetSysClockTo72                        0x08002400   Section        0  system_stm32f10x.o(i.SetSysClockTo72)
    SetSysClockTo72                          0x08002401   Thumb Code   214  system_stm32f10x.o(i.SetSysClockTo72)
    i.SysTick_Handler                        0x080024e0   Section        0  stm32f10x_it.o(i.SysTick_Handler)
    i.SystemInit                             0x080024e4   Section        0  system_stm32f10x.o(i.SystemInit)
    i.TI1_Config                             0x08002544   Section        0  stm32f10x_tim.o(i.TI1_Config)
    TI1_Config                               0x08002545   Thumb Code   108  stm32f10x_tim.o(i.TI1_Config)
    i.TI2_Config                             0x080025c4   Section        0  stm32f10x_tim.o(i.TI2_Config)
    TI2_Config                               0x080025c5   Thumb Code   130  stm32f10x_tim.o(i.TI2_Config)
    i.TI3_Config                             0x0800265c   Section        0  stm32f10x_tim.o(i.TI3_Config)
    TI3_Config                               0x0800265d   Thumb Code   122  stm32f10x_tim.o(i.TI3_Config)
    i.TI4_Config                             0x080026ec   Section        0  stm32f10x_tim.o(i.TI4_Config)
    TI4_Config                               0x080026ed   Thumb Code   130  stm32f10x_tim.o(i.TI4_Config)
    i.TIM2_IRQHandler                        0x08002784   Section        0  main.o(i.TIM2_IRQHandler)
    i.TIM2_Init                              0x080027c8   Section        0  timer.o(i.TIM2_Init)
    i.TIM3_Init                              0x08002844   Section        0  timer.o(i.TIM3_Init)
    i.TIM_ClearFlag                          0x080028a0   Section        0  stm32f10x_tim.o(i.TIM_ClearFlag)
    i.TIM_ClearITPendingBit                  0x080028a6   Section        0  stm32f10x_tim.o(i.TIM_ClearITPendingBit)
    i.TIM_Cmd                                0x080028ac   Section        0  stm32f10x_tim.o(i.TIM_Cmd)
    i.TIM_EncoderInterfaceConfig             0x080028c4   Section        0  stm32f10x_tim.o(i.TIM_EncoderInterfaceConfig)
    i.TIM_GetCounter                         0x08002906   Section        0  stm32f10x_tim.o(i.TIM_GetCounter)
    i.TIM_GetITStatus                        0x0800290c   Section        0  stm32f10x_tim.o(i.TIM_GetITStatus)
    i.TIM_ICInit                             0x08002930   Section        0  stm32f10x_tim.o(i.TIM_ICInit)
    i.TIM_ICStructInit                       0x080029dc   Section        0  stm32f10x_tim.o(i.TIM_ICStructInit)
    i.TIM_ITConfig                           0x080029ee   Section        0  stm32f10x_tim.o(i.TIM_ITConfig)
    i.TIM_InternalClockConfig                0x08002a00   Section        0  stm32f10x_tim.o(i.TIM_InternalClockConfig)
    i.TIM_OC3Init                            0x08002a0c   Section        0  stm32f10x_tim.o(i.TIM_OC3Init)
    i.TIM_OC4Init                            0x08002aac   Section        0  stm32f10x_tim.o(i.TIM_OC4Init)
    i.TIM_OCStructInit                       0x08002b28   Section        0  stm32f10x_tim.o(i.TIM_OCStructInit)
    i.TIM_SetCompare3                        0x08002b3c   Section        0  stm32f10x_tim.o(i.TIM_SetCompare3)
    i.TIM_SetCounter                         0x08002b40   Section        0  stm32f10x_tim.o(i.TIM_SetCounter)
    i.TIM_SetIC1Prescaler                    0x08002b44   Section        0  stm32f10x_tim.o(i.TIM_SetIC1Prescaler)
    i.TIM_SetIC2Prescaler                    0x08002b56   Section        0  stm32f10x_tim.o(i.TIM_SetIC2Prescaler)
    i.TIM_SetIC3Prescaler                    0x08002b70   Section        0  stm32f10x_tim.o(i.TIM_SetIC3Prescaler)
    i.TIM_SetIC4Prescaler                    0x08002b82   Section        0  stm32f10x_tim.o(i.TIM_SetIC4Prescaler)
    i.TIM_TimeBaseInit                       0x08002b9c   Section        0  stm32f10x_tim.o(i.TIM_TimeBaseInit)
    i.USART1_IRQHandler                      0x08002c40   Section        0  serial.o(i.USART1_IRQHandler)
    i.USART_ClearITPendingBit                0x08002ce0   Section        0  stm32f10x_usart.o(i.USART_ClearITPendingBit)
    i.USART_Cmd                              0x08002cfe   Section        0  stm32f10x_usart.o(i.USART_Cmd)
    i.USART_GetFlagStatus                    0x08002d16   Section        0  stm32f10x_usart.o(i.USART_GetFlagStatus)
    i.USART_GetITStatus                      0x08002d30   Section        0  stm32f10x_usart.o(i.USART_GetITStatus)
    i.USART_ITConfig                         0x08002d84   Section        0  stm32f10x_usart.o(i.USART_ITConfig)
    i.USART_Init                             0x08002dd0   Section        0  stm32f10x_usart.o(i.USART_Init)
    i.USART_ReceiveData                      0x08002ea8   Section        0  stm32f10x_usart.o(i.USART_ReceiveData)
    i.USART_SendData                         0x08002eb2   Section        0  stm32f10x_usart.o(i.USART_SendData)
    i.UsageFault_Handler                     0x08002eba   Section        0  stm32f10x_it.o(i.UsageFault_Handler)
    i.__ARM_fpclassify                       0x08002ebe   Section        0  fpclassify.o(i.__ARM_fpclassify)
    i._is_digit                              0x08002ee6   Section        0  __printf_wp.o(i._is_digit)
    i.main                                   0x08002ef4   Section        0  main.o(i.main)
    locale$$code                             0x08002f54   Section       44  lc_numeric_c.o(locale$$code)
    locale$$code                             0x08002f80   Section       44  lc_ctype_c.o(locale$$code)
    x$fpl$printf1                            0x08002fac   Section        4  printf1.o(x$fpl$printf1)
    x$fpl$printf2                            0x08002fb0   Section        4  printf2.o(x$fpl$printf2)
    .constdata                               0x08002fb4   Section        8  _printf_wctomb.o(.constdata)
    x$fpl$usenofp                            0x08002fb4   Section        0  usenofp.o(x$fpl$usenofp)
    initial_mbstate                          0x08002fb4   Data           8  _printf_wctomb.o(.constdata)
    .constdata                               0x08002fbc   Section       40  _printf_hex_int_ll_ptr.o(.constdata)
    uc_hextab                                0x08002fbc   Data          20  _printf_hex_int_ll_ptr.o(.constdata)
    lc_hextab                                0x08002fd0   Data          20  _printf_hex_int_ll_ptr.o(.constdata)
    .constdata                               0x08002fe4   Section       17  __printf_flags_ss_wp.o(.constdata)
    maptable                                 0x08002fe4   Data          17  __printf_flags_ss_wp.o(.constdata)
    .constdata                               0x08002ff5   Section       38  _printf_fp_hex.o(.constdata)
    lc_hextab                                0x08002ff5   Data          19  _printf_fp_hex.o(.constdata)
    uc_hextab                                0x08003008   Data          19  _printf_fp_hex.o(.constdata)
    .constdata                               0x0800301c   Section      148  bigflt0.o(.constdata)
    tenpwrs_x                                0x0800301c   Data          60  bigflt0.o(.constdata)
    tenpwrs_i                                0x08003058   Data          64  bigflt0.o(.constdata)
    locale$$data                             0x080030d0   Section       28  lc_numeric_c.o(locale$$data)
    __lcnum_c_name                           0x080030d4   Data           2  lc_numeric_c.o(locale$$data)
    __lcnum_c_start                          0x080030dc   Data           0  lc_numeric_c.o(locale$$data)
    __lcnum_c_point                          0x080030e8   Data           0  lc_numeric_c.o(locale$$data)
    __lcnum_c_thousands                      0x080030ea   Data           0  lc_numeric_c.o(locale$$data)
    __lcnum_c_grouping                       0x080030eb   Data           0  lc_numeric_c.o(locale$$data)
    locale$$data                             0x080030ec   Section      272  lc_ctype_c.o(locale$$data)
    __lcnum_c_end                            0x080030ec   Data           0  lc_numeric_c.o(locale$$data)
    __lcctype_c_name                         0x080030f0   Data           2  lc_ctype_c.o(locale$$data)
    __lcctype_c_start                        0x080030f8   Data           0  lc_ctype_c.o(locale$$data)
    __lcctype_c_end                          0x080031fc   Data           0  lc_ctype_c.o(locale$$data)
    .data                                    0x20000000   Section       20  stm32f10x_rcc.o(.data)
    APBAHBPrescTable                         0x20000000   Data          16  stm32f10x_rcc.o(.data)
    ADCPrescTable                            0x20000010   Data           4  stm32f10x_rcc.o(.data)
    .data                                    0x20000014   Section        4  key.o(.data)
    Count                                    0x20000015   Data           1  key.o(.data)
    CurrState                                0x20000016   Data           1  key.o(.data)
    PrevState                                0x20000017   Data           1  key.o(.data)
    .data                                    0x20000018   Section        3  serial.o(.data)
    RxState                                  0x20000019   Data           1  serial.o(.data)
    pRxPacket                                0x2000001a   Data           1  serial.o(.data)
    .data                                    0x2000001c   Section       10  main.o(.data)
    .bss                                     0x20000028   Section      100  serial.o(.bss)
    .bss                                     0x2000008c   Section       96  libspace.o(.bss)
    HEAP                                     0x200000f0   Section      512  startup_stm32f10x_md.o(HEAP)
    Heap_Mem                                 0x200000f0   Data         512  startup_stm32f10x_md.o(HEAP)
    STACK                                    0x200002f0   Section     1024  startup_stm32f10x_md.o(STACK)
    Stack_Mem                                0x200002f0   Data        1024  startup_stm32f10x_md.o(STACK)
    __initial_sp                             0x200006f0   Data           0  startup_stm32f10x_md.o(STACK)

    Global Symbols

    Symbol Name                              Value     Ov Type        Size  Object(Section)

    BuildAttributes$$THM_ISAv4$P$D$K$B$S$PE$A:L22UL41UL21$X:L11$S22US41US21$IEEE1$IW$USESV6$~STKCKD$USESV7$~SHL$OTIME$ROPI$IEEEJ$EBA8$UX$STANDARDLIB$REQ8$PRES8$EABIv2 0x00000000   Number         0  anon$$obj.o ABSOLUTE
    __ARM_use_no_argv                        0x00000000   Number         0  main.o ABSOLUTE
    _printf_flags                            0x00000000   Number         0  printf_stubs.o ABSOLUTE
    _printf_return_value                     0x00000000   Number         0  printf_stubs.o ABSOLUTE
    _printf_sizespec                         0x00000000   Number         0  printf_stubs.o ABSOLUTE
    _printf_widthprec                        0x00000000   Number         0  printf_stubs.o ABSOLUTE
    __ARM_exceptions_init                     - Undefined Weak Reference
    __alloca_initialize                       - Undefined Weak Reference
    __arm_preinit_                            - Undefined Weak Reference
    __cpp_initialize__aeabi_                  - Undefined Weak Reference
    __cxa_finalize                            - Undefined Weak Reference
    __sigvec_lookup                           - Undefined Weak Reference
    _atexit_init                              - Undefined Weak Reference
    _call_atexit_fns                          - Undefined Weak Reference
    _clock_init                               - Undefined Weak Reference
    _fp_trap_init                             - Undefined Weak Reference
    _fp_trap_shutdown                         - Undefined Weak Reference
    _get_lc_collate                           - Undefined Weak Reference
    _get_lc_monetary                          - Undefined Weak Reference
    _get_lc_time                              - Undefined Weak Reference
    _getenv_init                              - Undefined Weak Reference
    _handle_redirection                       - Undefined Weak Reference
    _init_alloc                               - Undefined Weak Reference
    _init_user_alloc                          - Undefined Weak Reference
    _initio                                   - Undefined Weak Reference
    _printf_mbtowc                            - Undefined Weak Reference
    _printf_wc                                - Undefined Weak Reference
    _rand_init                                - Undefined Weak Reference
    _signal_finish                            - Undefined Weak Reference
    _signal_init                              - Undefined Weak Reference
    _terminate_alloc                          - Undefined Weak Reference
    _terminate_user_alloc                     - Undefined Weak Reference
    _terminateio                              - Undefined Weak Reference
    __Vectors_Size                           0x000000ec   Number         0  startup_stm32f10x_md.o ABSOLUTE
    __Vectors                                0x08000000   Data           4  startup_stm32f10x_md.o(RESET)
    __Vectors_End                            0x080000ec   Data           0  startup_stm32f10x_md.o(RESET)
    __main                                   0x080000ed   Thumb Code     8  __main.o(!!!main)
    __scatterload                            0x080000f5   Thumb Code     0  __scatter.o(!!!scatter)
    __scatterload_rt2                        0x080000f5   Thumb Code    44  __scatter.o(!!!scatter)
    __scatterload_rt2_thumb_only             0x080000f5   Thumb Code     0  __scatter.o(!!!scatter)
    __scatterload_null                       0x08000103   Thumb Code     0  __scatter.o(!!!scatter)
    __scatterload_copy                       0x08000129   Thumb Code    26  __scatter_copy.o(!!handler_copy)
    __scatterload_zeroinit                   0x08000145   Thumb Code    28  __scatter_zi.o(!!handler_zi)
    _printf_n                                0x08000161   Thumb Code     0  _printf_n.o(.ARM.Collect$$_printf_percent$$00000001)
    _printf_percent                          0x08000161   Thumb Code     0  _printf_percent.o(.ARM.Collect$$_printf_percent$$00000000)
    _printf_p                                0x08000167   Thumb Code     0  _printf_p.o(.ARM.Collect$$_printf_percent$$00000002)
    _printf_f                                0x0800016d   Thumb Code     0  _printf_f.o(.ARM.Collect$$_printf_percent$$00000003)
    _printf_e                                0x08000173   Thumb Code     0  _printf_e.o(.ARM.Collect$$_printf_percent$$00000004)
    _printf_g                                0x08000179   Thumb Code     0  _printf_g.o(.ARM.Collect$$_printf_percent$$00000005)
    _printf_a                                0x0800017f   Thumb Code     0  _printf_a.o(.ARM.Collect$$_printf_percent$$00000006)
    _printf_ll                               0x08000185   Thumb Code     0  _printf_ll.o(.ARM.Collect$$_printf_percent$$00000007)
    _printf_i                                0x0800018f   Thumb Code     0  _printf_i.o(.ARM.Collect$$_printf_percent$$00000008)
    _printf_d                                0x08000195   Thumb Code     0  _printf_d.o(.ARM.Collect$$_printf_percent$$00000009)
    _printf_u                                0x0800019b   Thumb Code     0  _printf_u.o(.ARM.Collect$$_printf_percent$$0000000A)
    _printf_o                                0x080001a1   Thumb Code     0  _printf_o.o(.ARM.Collect$$_printf_percent$$0000000B)
    _printf_x                                0x080001a7   Thumb Code     0  _printf_x.o(.ARM.Collect$$_printf_percent$$0000000C)
    _printf_lli                              0x080001ad   Thumb Code     0  _printf_lli.o(.ARM.Collect$$_printf_percent$$0000000D)
    _printf_lld                              0x080001b3   Thumb Code     0  _printf_lld.o(.ARM.Collect$$_printf_percent$$0000000E)
    _printf_llu                              0x080001b9   Thumb Code     0  _printf_llu.o(.ARM.Collect$$_printf_percent$$0000000F)
    _printf_llo                              0x080001bf   Thumb Code     0  _printf_llo.o(.ARM.Collect$$_printf_percent$$00000010)
    _printf_llx                              0x080001c5   Thumb Code     0  _printf_llx.o(.ARM.Collect$$_printf_percent$$00000011)
    _printf_l                                0x080001cb   Thumb Code     0  _printf_l.o(.ARM.Collect$$_printf_percent$$00000012)
    _printf_c                                0x080001d5   Thumb Code     0  _printf_c.o(.ARM.Collect$$_printf_percent$$00000013)
    _printf_s                                0x080001db   Thumb Code     0  _printf_s.o(.ARM.Collect$$_printf_percent$$00000014)
    _printf_lc                               0x080001e1   Thumb Code     0  _printf_lc.o(.ARM.Collect$$_printf_percent$$00000015)
    _printf_ls                               0x080001e7   Thumb Code     0  _printf_ls.o(.ARM.Collect$$_printf_percent$$00000016)
    _printf_percent_end                      0x080001ed   Thumb Code     0  _printf_percent_end.o(.ARM.Collect$$_printf_percent$$00000017)
    __rt_lib_init                            0x080001f1   Thumb Code     0  libinit.o(.ARM.Collect$$libinit$$00000000)
    __rt_lib_init_fp_1                       0x080001f3   Thumb Code     0  libinit2.o(.ARM.Collect$$libinit$$00000002)
    __rt_lib_init_heap_1                     0x080001f3   Thumb Code     0  libinit2.o(.ARM.Collect$$libinit$$0000000A)
    __rt_lib_init_lc_common                  0x080001f3   Thumb Code     0  libinit2.o(.ARM.Collect$$libinit$$0000000F)
    __rt_lib_init_preinit_1                  0x080001f3   Thumb Code     0  libinit2.o(.ARM.Collect$$libinit$$00000004)
    __rt_lib_init_rand_1                     0x080001f3   Thumb Code     0  libinit2.o(.ARM.Collect$$libinit$$0000000E)
    __rt_lib_init_user_alloc_1               0x080001f3   Thumb Code     0  libinit2.o(.ARM.Collect$$libinit$$0000000C)
    __rt_lib_init_lc_collate_1               0x080001f9   Thumb Code     0  libinit2.o(.ARM.Collect$$libinit$$00000011)
    __rt_lib_init_lc_ctype_2                 0x080001f9   Thumb Code     0  libinit2.o(.ARM.Collect$$libinit$$00000012)
    __rt_lib_init_lc_ctype_1                 0x08000205   Thumb Code     0  libinit2.o(.ARM.Collect$$libinit$$00000013)
    __rt_lib_init_lc_monetary_1              0x08000205   Thumb Code     0  libinit2.o(.ARM.Collect$$libinit$$00000015)
    __rt_lib_init_lc_numeric_2               0x08000205   Thumb Code     0  libinit2.o(.ARM.Collect$$libinit$$00000016)
    __rt_lib_init_alloca_1                   0x0800020f   Thumb Code     0  libinit2.o(.ARM.Collect$$libinit$$0000002E)
    __rt_lib_init_argv_1                     0x0800020f   Thumb Code     0  libinit2.o(.ARM.Collect$$libinit$$0000002C)
    __rt_lib_init_atexit_1                   0x0800020f   Thumb Code     0  libinit2.o(.ARM.Collect$$libinit$$0000001B)
    __rt_lib_init_clock_1                    0x0800020f   Thumb Code     0  libinit2.o(.ARM.Collect$$libinit$$00000021)
    __rt_lib_init_cpp_1                      0x0800020f   Thumb Code     0  libinit2.o(.ARM.Collect$$libinit$$00000032)
    __rt_lib_init_exceptions_1               0x0800020f   Thumb Code     0  libinit2.o(.ARM.Collect$$libinit$$00000030)
    __rt_lib_init_fp_trap_1                  0x0800020f   Thumb Code     0  libinit2.o(.ARM.Collect$$libinit$$0000001F)
    __rt_lib_init_getenv_1                   0x0800020f   Thumb Code     0  libinit2.o(.ARM.Collect$$libinit$$00000023)
    __rt_lib_init_lc_numeric_1               0x0800020f   Thumb Code     0  libinit2.o(.ARM.Collect$$libinit$$00000017)
    __rt_lib_init_lc_time_1                  0x0800020f   Thumb Code     0  libinit2.o(.ARM.Collect$$libinit$$00000019)
    __rt_lib_init_return                     0x0800020f   Thumb Code     0  libinit2.o(.ARM.Collect$$libinit$$00000033)
    __rt_lib_init_signal_1                   0x0800020f   Thumb Code     0  libinit2.o(.ARM.Collect$$libinit$$0000001D)
    __rt_lib_init_stdio_1                    0x0800020f   Thumb Code     0  libinit2.o(.ARM.Collect$$libinit$$00000025)
    __rt_lib_shutdown                        0x08000211   Thumb Code     0  libshutdown.o(.ARM.Collect$$libshutdown$$00000000)
    __rt_lib_shutdown_cpp_1                  0x08000213   Thumb Code     0  libshutdown2.o(.ARM.Collect$$libshutdown$$00000002)
    __rt_lib_shutdown_fp_trap_1              0x08000213   Thumb Code     0  libshutdown2.o(.ARM.Collect$$libshutdown$$00000007)
    __rt_lib_shutdown_heap_1                 0x08000213   Thumb Code     0  libshutdown2.o(.ARM.Collect$$libshutdown$$0000000F)
    __rt_lib_shutdown_return                 0x08000213   Thumb Code     0  libshutdown2.o(.ARM.Collect$$libshutdown$$00000010)
    __rt_lib_shutdown_signal_1               0x08000213   Thumb Code     0  libshutdown2.o(.ARM.Collect$$libshutdown$$0000000A)
    __rt_lib_shutdown_stdio_1                0x08000213   Thumb Code     0  libshutdown2.o(.ARM.Collect$$libshutdown$$00000004)
    __rt_lib_shutdown_user_alloc_1           0x08000213   Thumb Code     0  libshutdown2.o(.ARM.Collect$$libshutdown$$0000000C)
    __rt_entry                               0x08000215   Thumb Code     0  __rtentry.o(.ARM.Collect$$rtentry$$00000000)
    __rt_entry_presh_1                       0x08000215   Thumb Code     0  __rtentry2.o(.ARM.Collect$$rtentry$$00000002)
    __rt_entry_sh                            0x08000215   Thumb Code     0  __rtentry4.o(.ARM.Collect$$rtentry$$00000004)
    __rt_entry_li                            0x0800021b   Thumb Code     0  __rtentry2.o(.ARM.Collect$$rtentry$$0000000A)
    __rt_entry_postsh_1                      0x0800021b   Thumb Code     0  __rtentry2.o(.ARM.Collect$$rtentry$$00000009)
    __rt_entry_main                          0x0800021f   Thumb Code     0  __rtentry2.o(.ARM.Collect$$rtentry$$0000000D)
    __rt_entry_postli_1                      0x0800021f   Thumb Code     0  __rtentry2.o(.ARM.Collect$$rtentry$$0000000C)
    __rt_exit                                0x08000227   Thumb Code     0  rtexit.o(.ARM.Collect$$rtexit$$00000000)
    __rt_exit_ls                             0x08000229   Thumb Code     0  rtexit2.o(.ARM.Collect$$rtexit$$00000003)
    __rt_exit_prels_1                        0x08000229   Thumb Code     0  rtexit2.o(.ARM.Collect$$rtexit$$00000002)
    __rt_exit_exit                           0x0800022d   Thumb Code     0  rtexit2.o(.ARM.Collect$$rtexit$$00000004)
    Reset_Handler                            0x08000235   Thumb Code     8  startup_stm32f10x_md.o(.text)
    ADC1_2_IRQHandler                        0x0800024f   Thumb Code     0  startup_stm32f10x_md.o(.text)
    CAN1_RX1_IRQHandler                      0x0800024f   Thumb Code     0  startup_stm32f10x_md.o(.text)
    CAN1_SCE_IRQHandler                      0x0800024f   Thumb Code     0  startup_stm32f10x_md.o(.text)
    DMA1_Channel1_IRQHandler                 0x0800024f   Thumb Code     0  startup_stm32f10x_md.o(.text)
    DMA1_Channel2_IRQHandler                 0x0800024f   Thumb Code     0  startup_stm32f10x_md.o(.text)
    DMA1_Channel3_IRQHandler                 0x0800024f   Thumb Code     0  startup_stm32f10x_md.o(.text)
    DMA1_Channel4_IRQHandler                 0x0800024f   Thumb Code     0  startup_stm32f10x_md.o(.text)
    DMA1_Channel5_IRQHandler                 0x0800024f   Thumb Code     0  startup_stm32f10x_md.o(.text)
    DMA1_Channel6_IRQHandler                 0x0800024f   Thumb Code     0  startup_stm32f10x_md.o(.text)
    DMA1_Channel7_IRQHandler                 0x0800024f   Thumb Code     0  startup_stm32f10x_md.o(.text)
    EXTI0_IRQHandler                         0x0800024f   Thumb Code     0  startup_stm32f10x_md.o(.text)
    EXTI15_10_IRQHandler                     0x0800024f   Thumb Code     0  startup_stm32f10x_md.o(.text)
    EXTI1_IRQHandler                         0x0800024f   Thumb Code     0  startup_stm32f10x_md.o(.text)
    EXTI2_IRQHandler                         0x0800024f   Thumb Code     0  startup_stm32f10x_md.o(.text)
    EXTI3_IRQHandler                         0x0800024f   Thumb Code     0  startup_stm32f10x_md.o(.text)
    EXTI4_IRQHandler                         0x0800024f   Thumb Code     0  startup_stm32f10x_md.o(.text)
    EXTI9_5_IRQHandler                       0x0800024f   Thumb Code     0  startup_stm32f10x_md.o(.text)
    FLASH_IRQHandler                         0x0800024f   Thumb Code     0  startup_stm32f10x_md.o(.text)
    I2C1_ER_IRQHandler                       0x0800024f   Thumb Code     0  startup_stm32f10x_md.o(.text)
    I2C1_EV_IRQHandler                       0x0800024f   Thumb Code     0  startup_stm32f10x_md.o(.text)
    I2C2_ER_IRQHandler                       0x0800024f   Thumb Code     0  startup_stm32f10x_md.o(.text)
    I2C2_EV_IRQHandler                       0x0800024f   Thumb Code     0  startup_stm32f10x_md.o(.text)
    PVD_IRQHandler                           0x0800024f   Thumb Code     0  startup_stm32f10x_md.o(.text)
    RCC_IRQHandler                           0x0800024f   Thumb Code     0  startup_stm32f10x_md.o(.text)
    RTCAlarm_IRQHandler                      0x0800024f   Thumb Code     0  startup_stm32f10x_md.o(.text)
    RTC_IRQHandler                           0x0800024f   Thumb Code     0  startup_stm32f10x_md.o(.text)
    SPI1_IRQHandler                          0x0800024f   Thumb Code     0  startup_stm32f10x_md.o(.text)
    SPI2_IRQHandler                          0x0800024f   Thumb Code     0  startup_stm32f10x_md.o(.text)
    TAMPER_IRQHandler                        0x0800024f   Thumb Code     0  startup_stm32f10x_md.o(.text)
    TIM1_BRK_IRQHandler                      0x0800024f   Thumb Code     0  startup_stm32f10x_md.o(.text)
    TIM1_CC_IRQHandler                       0x0800024f   Thumb Code     0  startup_stm32f10x_md.o(.text)
    TIM1_TRG_COM_IRQHandler                  0x0800024f   Thumb Code     0  startup_stm32f10x_md.o(.text)
    TIM1_UP_IRQHandler                       0x0800024f   Thumb Code     0  startup_stm32f10x_md.o(.text)
    TIM3_IRQHandler                          0x0800024f   Thumb Code     0  startup_stm32f10x_md.o(.text)
    TIM4_IRQHandler                          0x0800024f   Thumb Code     0  startup_stm32f10x_md.o(.text)
    USART2_IRQHandler                        0x0800024f   Thumb Code     0  startup_stm32f10x_md.o(.text)
    USART3_IRQHandler                        0x0800024f   Thumb Code     0  startup_stm32f10x_md.o(.text)
    USBWakeUp_IRQHandler                     0x0800024f   Thumb Code     0  startup_stm32f10x_md.o(.text)
    USB_HP_CAN1_TX_IRQHandler                0x0800024f   Thumb Code     0  startup_stm32f10x_md.o(.text)
    USB_LP_CAN1_RX0_IRQHandler               0x0800024f   Thumb Code     0  startup_stm32f10x_md.o(.text)
    WWDG_IRQHandler                          0x0800024f   Thumb Code     0  startup_stm32f10x_md.o(.text)
    __user_initial_stackheap                 0x08000251   Thumb Code     0  startup_stm32f10x_md.o(.text)
    vsprintf                                 0x08000275   Thumb Code    32  vsprintf.o(.text)
    __use_two_region_memory                  0x08000299   Thumb Code     2  heapauxi.o(.text)
    __rt_heap_escrow$2region                 0x0800029b   Thumb Code     2  heapauxi.o(.text)
    __rt_heap_expand$2region                 0x0800029d   Thumb Code     2  heapauxi.o(.text)
    _printf_pre_padding                      0x0800029f   Thumb Code    44  _printf_pad.o(.text)
    _printf_post_padding                     0x080002cb   Thumb Code    34  _printf_pad.o(.text)
    _printf_truncate_signed                  0x080002ed   Thumb Code    18  _printf_truncate.o(.text)
    _printf_truncate_unsigned                0x080002ff   Thumb Code    18  _printf_truncate.o(.text)
    _printf_str                              0x08000311   Thumb Code    82  _printf_str.o(.text)
    _printf_int_dec                          0x08000365   Thumb Code   104  _printf_dec.o(.text)
    _printf_charcount                        0x080003dd   Thumb Code    40  _printf_charcount.o(.text)
    _printf_char_common                      0x0800040f   Thumb Code    32  _printf_char_common.o(.text)
    _sputc                                   0x08000435   Thumb Code    10  _sputc.o(.text)
    _printf_wctomb                           0x08000441   Thumb Code   182  _printf_wctomb.o(.text)
    _printf_longlong_dec                     0x080004fd   Thumb Code   108  _printf_longlong_dec.o(.text)
    _printf_longlong_oct                     0x08000579   Thumb Code    66  _printf_oct_int_ll.o(.text)
    _printf_int_oct                          0x080005bb   Thumb Code    24  _printf_oct_int_ll.o(.text)
    _printf_ll_oct                           0x080005d3   Thumb Code    12  _printf_oct_int_ll.o(.text)
    _printf_longlong_hex                     0x080005e9   Thumb Code    86  _printf_hex_int_ll_ptr.o(.text)
    _printf_int_hex                          0x0800063f   Thumb Code    28  _printf_hex_int_ll_ptr.o(.text)
    _printf_ll_hex                           0x0800065b   Thumb Code    12  _printf_hex_int_ll_ptr.o(.text)
    _printf_hex_ptr                          0x08000667   Thumb Code    18  _printf_hex_int_ll_ptr.o(.text)
    __printf                                 0x0800067d   Thumb Code   388  __printf_flags_ss_wp.o(.text)
    _ll_udiv10                               0x08000805   Thumb Code   138  lludiv10.o(.text)
    _printf_int_common                       0x0800088f   Thumb Code   178  _printf_intcommon.o(.text)
    __lib_sel_fp_printf                      0x08000941   Thumb Code     2  _printf_fp_dec.o(.text)
    _printf_fp_dec_real                      0x08000af3   Thumb Code   620  _printf_fp_dec.o(.text)
    _printf_fp_hex_real                      0x08000d61   Thumb Code   756  _printf_fp_hex.o(.text)
    _printf_cs_common                        0x0800105d   Thumb Code    20  _printf_char.o(.text)
    _printf_char                             0x08001071   Thumb Code    16  _printf_char.o(.text)
    _printf_string                           0x08001081   Thumb Code     8  _printf_char.o(.text)
    _printf_lcs_common                       0x08001089   Thumb Code    20  _printf_wchar.o(.text)
    _printf_wchar                            0x0800109d   Thumb Code    16  _printf_wchar.o(.text)
    _printf_wstring                          0x080010ad   Thumb Code     8  _printf_wchar.o(.text)
    _wcrtomb                                 0x080010b5   Thumb Code    64  _wcrtomb.o(.text)
    __user_setup_stackheap                   0x080010f5   Thumb Code    74  sys_stackheap_outer.o(.text)
    __rt_ctype_table                         0x08001141   Thumb Code    16  rt_ctype_table.o(.text)
    __rt_locale                              0x08001151   Thumb Code     8  rt_locale_intlibspace.o(.text)
    _printf_fp_infnan                        0x08001159   Thumb Code   112  _printf_fp_infnan.o(.text)
    _btod_etento                             0x080011d9   Thumb Code   224  bigflt0.o(.text)
    exit                                     0x080012bd   Thumb Code    18  exit.o(.text)
    __user_libspace                          0x080012d1   Thumb Code     8  libspace.o(.text)
    __user_perproc_libspace                  0x080012d1   Thumb Code     0  libspace.o(.text)
    __user_perthread_libspace                0x080012d1   Thumb Code     0  libspace.o(.text)
    strcmp                                   0x080012d9   Thumb Code   128  strcmpv7m.o(.text)
    _sys_exit                                0x08001359   Thumb Code     8  sys_exit.o(.text)
    __I$use$semihosting                      0x08001365   Thumb Code     0  use_no_semi.o(.text)
    __use_no_semihosting_swi                 0x08001365   Thumb Code     2  use_no_semi.o(.text)
    __semihosting_library_function           0x08001367   Thumb Code     0  indicate_semi.o(.text)
    _btod_d2e                                0x08001367   Thumb Code    62  btod.o(CL$$btod_d2e)
    _d2e_denorm_low                          0x080013a5   Thumb Code    70  btod.o(CL$$btod_d2e_denorm_low)
    _d2e_norm_op1                            0x080013eb   Thumb Code    96  btod.o(CL$$btod_d2e_norm_op1)
    __btod_div_common                        0x0800144b   Thumb Code   696  btod.o(CL$$btod_div_common)
    _e2e                                     0x08001783   Thumb Code   220  btod.o(CL$$btod_e2e)
    _btod_ediv                               0x0800185f   Thumb Code    42  btod.o(CL$$btod_ediv)
    _btod_emul                               0x08001889   Thumb Code    42  btod.o(CL$$btod_emul)
    __btod_mult_common                       0x080018b3   Thumb Code   580  btod.o(CL$$btod_mult_common)
    BusFault_Handler                         0x08001af7   Thumb Code     4  stm32f10x_it.o(i.BusFault_Handler)
    DebugMon_Handler                         0x08001afb   Thumb Code     2  stm32f10x_it.o(i.DebugMon_Handler)
    Encoder_Get_TIM3                         0x08001afd   Thumb Code    22  encoder.o(i.Encoder_Get_TIM3)
    Encoder_Init                             0x08001b19   Thumb Code   296  encoder.o(i.Encoder_Init)
    GPIO_Init                                0x08001c51   Thumb Code   278  stm32f10x_gpio.o(i.GPIO_Init)
    GPIO_ResetBits                           0x08001d67   Thumb Code     4  stm32f10x_gpio.o(i.GPIO_ResetBits)
    GPIO_SetBits                             0x08001d6b   Thumb Code     4  stm32f10x_gpio.o(i.GPIO_SetBits)
    GPIO_WriteBit                            0x08001d6f   Thumb Code    10  stm32f10x_gpio.o(i.GPIO_WriteBit)
    HardFault_Handler                        0x08001d79   Thumb Code     4  stm32f10x_it.o(i.HardFault_Handler)
    Key_GetNum                               0x08001d7d   Thumb Code    24  key.o(i.Key_GetNum)
    Key_Init                                 0x08001d99   Thumb Code    38  key.o(i.Key_Init)
    MemManage_Handler                        0x08001dc5   Thumb Code     4  stm32f10x_it.o(i.MemManage_Handler)
    Motor_Init                               0x08001dc9   Thumb Code    52  motor.o(i.Motor_Init)
    Motor_SetSpeed1                          0x08001e01   Thumb Code    66  motor.o(i.Motor_SetSpeed1)
    NMI_Handler                              0x08001e49   Thumb Code     2  stm32f10x_it.o(i.NMI_Handler)
    NVIC_Init                                0x08001e4d   Thumb Code   100  misc.o(i.NVIC_Init)
    NVIC_PriorityGroupConfig                 0x08001ebd   Thumb Code    10  misc.o(i.NVIC_PriorityGroupConfig)
    OLED_Clear                               0x08001ed1   Thumb Code    42  oled.o(i.OLED_Clear)
    OLED_I2C_Init                            0x08001efd   Thumb Code    76  oled.o(i.OLED_I2C_Init)
    OLED_I2C_SendByte                        0x08001f4d   Thumb Code    88  oled.o(i.OLED_I2C_SendByte)
    OLED_I2C_Start                           0x08001fa9   Thumb Code    48  oled.o(i.OLED_I2C_Start)
    OLED_I2C_Stop                            0x08001fdd   Thumb Code    36  oled.o(i.OLED_I2C_Stop)
    OLED_Init                                0x08002005   Thumb Code   174  oled.o(i.OLED_Init)
    OLED_SetCursor                           0x080020b3   Thumb Code    34  oled.o(i.OLED_SetCursor)
    OLED_WriteCommand                        0x080020d5   Thumb Code    32  oled.o(i.OLED_WriteCommand)
    OLED_WriteData                           0x080020f5   Thumb Code    32  oled.o(i.OLED_WriteData)
    PWM_Init                                 0x08002115   Thumb Code   154  pwm.o(i.PWM_Init)
    PWM_SetCompare3                          0x080021b5   Thumb Code    16  pwm.o(i.PWM_SetCompare3)
    PendSV_Handler                           0x080021c5   Thumb Code     2  stm32f10x_it.o(i.PendSV_Handler)
    RCC_APB1PeriphClockCmd                   0x080021c9   Thumb Code    26  stm32f10x_rcc.o(i.RCC_APB1PeriphClockCmd)
    RCC_APB2PeriphClockCmd                   0x080021e9   Thumb Code    26  stm32f10x_rcc.o(i.RCC_APB2PeriphClockCmd)
    RCC_GetClocksFreq                        0x08002209   Thumb Code   192  stm32f10x_rcc.o(i.RCC_GetClocksFreq)
    SVC_Handler                              0x080022dd   Thumb Code     2  stm32f10x_it.o(i.SVC_Handler)
    Serial_Init                              0x080022e1   Thumb Code   174  serial.o(i.Serial_Init)
    Serial_Printf                            0x08002399   Thumb Code    36  serial.o(i.Serial_Printf)
    Serial_SendByte                          0x080023bd   Thumb Code    28  serial.o(i.Serial_SendByte)
    Serial_SendString                        0x080023dd   Thumb Code    26  serial.o(i.Serial_SendString)
    SysTick_Handler                          0x080024e1   Thumb Code     2  stm32f10x_it.o(i.SysTick_Handler)
    SystemInit                               0x080024e5   Thumb Code    78  system_stm32f10x.o(i.SystemInit)
    TIM2_IRQHandler                          0x08002785   Thumb Code    44  main.o(i.TIM2_IRQHandler)
    TIM2_Init                                0x080027c9   Thumb Code   124  timer.o(i.TIM2_Init)
    TIM3_Init                                0x08002845   Thumb Code    88  timer.o(i.TIM3_Init)
    TIM_ClearFlag                            0x080028a1   Thumb Code     6  stm32f10x_tim.o(i.TIM_ClearFlag)
    TIM_ClearITPendingBit                    0x080028a7   Thumb Code     6  stm32f10x_tim.o(i.TIM_ClearITPendingBit)
    TIM_Cmd                                  0x080028ad   Thumb Code    24  stm32f10x_tim.o(i.TIM_Cmd)
    TIM_EncoderInterfaceConfig               0x080028c5   Thumb Code    66  stm32f10x_tim.o(i.TIM_EncoderInterfaceConfig)
    TIM_GetCounter                           0x08002907   Thumb Code     6  stm32f10x_tim.o(i.TIM_GetCounter)
    TIM_GetITStatus                          0x0800290d   Thumb Code    34  stm32f10x_tim.o(i.TIM_GetITStatus)
    TIM_ICInit                               0x08002931   Thumb Code   150  stm32f10x_tim.o(i.TIM_ICInit)
    TIM_ICStructInit                         0x080029dd   Thumb Code    18  stm32f10x_tim.o(i.TIM_ICStructInit)
    TIM_ITConfig                             0x080029ef   Thumb Code    18  stm32f10x_tim.o(i.TIM_ITConfig)
    TIM_InternalClockConfig                  0x08002a01   Thumb Code    12  stm32f10x_tim.o(i.TIM_InternalClockConfig)
    TIM_OC3Init                              0x08002a0d   Thumb Code   150  stm32f10x_tim.o(i.TIM_OC3Init)
    TIM_OC4Init                              0x08002aad   Thumb Code   114  stm32f10x_tim.o(i.TIM_OC4Init)
    TIM_OCStructInit                         0x08002b29   Thumb Code    20  stm32f10x_tim.o(i.TIM_OCStructInit)
    TIM_SetCompare3                          0x08002b3d   Thumb Code     4  stm32f10x_tim.o(i.TIM_SetCompare3)
    TIM_SetCounter                           0x08002b41   Thumb Code     4  stm32f10x_tim.o(i.TIM_SetCounter)
    TIM_SetIC1Prescaler                      0x08002b45   Thumb Code    18  stm32f10x_tim.o(i.TIM_SetIC1Prescaler)
    TIM_SetIC2Prescaler                      0x08002b57   Thumb Code    26  stm32f10x_tim.o(i.TIM_SetIC2Prescaler)
    TIM_SetIC3Prescaler                      0x08002b71   Thumb Code    18  stm32f10x_tim.o(i.TIM_SetIC3Prescaler)
    TIM_SetIC4Prescaler                      0x08002b83   Thumb Code    26  stm32f10x_tim.o(i.TIM_SetIC4Prescaler)
    TIM_TimeBaseInit                         0x08002b9d   Thumb Code   122  stm32f10x_tim.o(i.TIM_TimeBaseInit)
    USART1_IRQHandler                        0x08002c41   Thumb Code   140  serial.o(i.USART1_IRQHandler)
    USART_ClearITPendingBit                  0x08002ce1   Thumb Code    30  stm32f10x_usart.o(i.USART_ClearITPendingBit)
    USART_Cmd                                0x08002cff   Thumb Code    24  stm32f10x_usart.o(i.USART_Cmd)
    USART_GetFlagStatus                      0x08002d17   Thumb Code    26  stm32f10x_usart.o(i.USART_GetFlagStatus)
    USART_GetITStatus                        0x08002d31   Thumb Code    84  stm32f10x_usart.o(i.USART_GetITStatus)
    USART_ITConfig                           0x08002d85   Thumb Code    74  stm32f10x_usart.o(i.USART_ITConfig)
    USART_Init                               0x08002dd1   Thumb Code   210  stm32f10x_usart.o(i.USART_Init)
    USART_ReceiveData                        0x08002ea9   Thumb Code    10  stm32f10x_usart.o(i.USART_ReceiveData)
    USART_SendData                           0x08002eb3   Thumb Code     8  stm32f10x_usart.o(i.USART_SendData)
    UsageFault_Handler                       0x08002ebb   Thumb Code     4  stm32f10x_it.o(i.UsageFault_Handler)
    __ARM_fpclassify                         0x08002ebf   Thumb Code    40  fpclassify.o(i.__ARM_fpclassify)
    _is_digit                                0x08002ee7   Thumb Code    14  __printf_wp.o(i._is_digit)
    main                                     0x08002ef5   Thumb Code    86  main.o(i.main)
    _get_lc_numeric                          0x08002f55   Thumb Code    44  lc_numeric_c.o(locale$$code)
    _get_lc_ctype                            0x08002f81   Thumb Code    44  lc_ctype_c.o(locale$$code)
    _printf_fp_dec                           0x08002fad   Thumb Code     4  printf1.o(x$fpl$printf1)
    _printf_fp_hex                           0x08002fb1   Thumb Code     4  printf2.o(x$fpl$printf2)
    __I$use$fp                               0x08002fb4   Number         0  usenofp.o(x$fpl$usenofp)
    Region$$Table$$Base                      0x080030b0   Number         0  anon$$obj.o(Region$$Table)
    Region$$Table$$Limit                     0x080030d0   Number         0  anon$$obj.o(Region$$Table)
    __ctype                                  0x080030f9   Data           0  lc_ctype_c.o(locale$$data)
    Key_Num                                  0x20000014   Data           1  key.o(.data)
    Serial_RxFlag                            0x20000018   Data           1  serial.o(.data)
    KeyNum                                   0x2000001c   Data           1  main.o(.data)
    Speed                                    0x2000001e   Data           2  main.o(.data)
    EncoderCnt                               0x20000020   Data           2  main.o(.data)
    TargetSpeed                              0x20000022   Data           2  main.o(.data)
    ActualSpeed                              0x20000024   Data           2  main.o(.data)
    Serial_RxPacket                          0x20000028   Data         100  serial.o(.bss)
    __libspace_start                         0x2000008c   Data          96  libspace.o(.bss)
    __temporary_stack_top$libspace           0x200000ec   Data           0  libspace.o(.bss)



==============================================================================

Memory Map of the image

  Image Entry point : 0x080000ed

  Load Region LR_IROM1 (Base: 0x08000000, Size: 0x00003224, Max: 0x00010000, ABSOLUTE)

    Execution Region ER_IROM1 (Exec base: 0x08000000, Load base: 0x08000000, Size: 0x000031fc, Max: 0x00010000, ABSOLUTE)

    Exec Addr    Load Addr    Size         Type   Attr      Idx    E Section Name        Object

    0x08000000   0x08000000   0x000000ec   Data   RO           19    RESET               startup_stm32f10x_md.o
    0x080000ec   0x080000ec   0x00000008   Code   RO         3898  * !!!main             c_w.l(__main.o)
    0x080000f4   0x080000f4   0x00000034   Code   RO         4239    !!!scatter          c_w.l(__scatter.o)
    0x08000128   0x08000128   0x0000001a   Code   RO         4241    !!handler_copy      c_w.l(__scatter_copy.o)
    0x08000142   0x08000142   0x00000002   PAD
    0x08000144   0x08000144   0x0000001c   Code   RO         4243    !!handler_zi        c_w.l(__scatter_zi.o)
    0x08000160   0x08000160   0x00000000   Code   RO         3996    .ARM.Collect$$_printf_percent$$00000000  c_w.l(_printf_percent.o)
    0x08000160   0x08000160   0x00000006   Code   RO         3985    .ARM.Collect$$_printf_percent$$00000001  c_w.l(_printf_n.o)
    0x08000166   0x08000166   0x00000006   Code   RO         3987    .ARM.Collect$$_printf_percent$$00000002  c_w.l(_printf_p.o)
    0x0800016c   0x0800016c   0x00000006   Code   RO         3992    .ARM.Collect$$_printf_percent$$00000003  c_w.l(_printf_f.o)
    0x08000172   0x08000172   0x00000006   Code   RO         3993    .ARM.Collect$$_printf_percent$$00000004  c_w.l(_printf_e.o)
    0x08000178   0x08000178   0x00000006   Code   RO         3994    .ARM.Collect$$_printf_percent$$00000005  c_w.l(_printf_g.o)
    0x0800017e   0x0800017e   0x00000006   Code   RO         3995    .ARM.Collect$$_printf_percent$$00000006  c_w.l(_printf_a.o)
    0x08000184   0x08000184   0x0000000a   Code   RO         4000    .ARM.Collect$$_printf_percent$$00000007  c_w.l(_printf_ll.o)
    0x0800018e   0x0800018e   0x00000006   Code   RO         3989    .ARM.Collect$$_printf_percent$$00000008  c_w.l(_printf_i.o)
    0x08000194   0x08000194   0x00000006   Code   RO         3990    .ARM.Collect$$_printf_percent$$00000009  c_w.l(_printf_d.o)
    0x0800019a   0x0800019a   0x00000006   Code   RO         3991    .ARM.Collect$$_printf_percent$$0000000A  c_w.l(_printf_u.o)
    0x080001a0   0x080001a0   0x00000006   Code   RO         3988    .ARM.Collect$$_printf_percent$$0000000B  c_w.l(_printf_o.o)
    0x080001a6   0x080001a6   0x00000006   Code   RO         3986    .ARM.Collect$$_printf_percent$$0000000C  c_w.l(_printf_x.o)
    0x080001ac   0x080001ac   0x00000006   Code   RO         3997    .ARM.Collect$$_printf_percent$$0000000D  c_w.l(_printf_lli.o)
    0x080001b2   0x080001b2   0x00000006   Code   RO         3998    .ARM.Collect$$_printf_percent$$0000000E  c_w.l(_printf_lld.o)
    0x080001b8   0x080001b8   0x00000006   Code   RO         3999    .ARM.Collect$$_printf_percent$$0000000F  c_w.l(_printf_llu.o)
    0x080001be   0x080001be   0x00000006   Code   RO         4004    .ARM.Collect$$_printf_percent$$00000010  c_w.l(_printf_llo.o)
    0x080001c4   0x080001c4   0x00000006   Code   RO         4005    .ARM.Collect$$_printf_percent$$00000011  c_w.l(_printf_llx.o)
    0x080001ca   0x080001ca   0x0000000a   Code   RO         4001    .ARM.Collect$$_printf_percent$$00000012  c_w.l(_printf_l.o)
    0x080001d4   0x080001d4   0x00000006   Code   RO         3983    .ARM.Collect$$_printf_percent$$00000013  c_w.l(_printf_c.o)
    0x080001da   0x080001da   0x00000006   Code   RO         3984    .ARM.Collect$$_printf_percent$$00000014  c_w.l(_printf_s.o)
    0x080001e0   0x080001e0   0x00000006   Code   RO         4002    .ARM.Collect$$_printf_percent$$00000015  c_w.l(_printf_lc.o)
    0x080001e6   0x080001e6   0x00000006   Code   RO         4003    .ARM.Collect$$_printf_percent$$00000016  c_w.l(_printf_ls.o)
    0x080001ec   0x080001ec   0x00000004   Code   RO         4051    .ARM.Collect$$_printf_percent$$00000017  c_w.l(_printf_percent_end.o)
    0x080001f0   0x080001f0   0x00000002   Code   RO         4100    .ARM.Collect$$libinit$$00000000  c_w.l(libinit.o)
    0x080001f2   0x080001f2   0x00000000   Code   RO         4116    .ARM.Collect$$libinit$$00000002  c_w.l(libinit2.o)
    0x080001f2   0x080001f2   0x00000000   Code   RO         4118    .ARM.Collect$$libinit$$00000004  c_w.l(libinit2.o)
    0x080001f2   0x080001f2   0x00000000   Code   RO         4121    .ARM.Collect$$libinit$$0000000A  c_w.l(libinit2.o)
    0x080001f2   0x080001f2   0x00000000   Code   RO         4123    .ARM.Collect$$libinit$$0000000C  c_w.l(libinit2.o)
    0x080001f2   0x080001f2   0x00000000   Code   RO         4125    .ARM.Collect$$libinit$$0000000E  c_w.l(libinit2.o)
    0x080001f2   0x080001f2   0x00000006   Code   RO         4126    .ARM.Collect$$libinit$$0000000F  c_w.l(libinit2.o)
    0x080001f8   0x080001f8   0x00000000   Code   RO         4128    .ARM.Collect$$libinit$$00000011  c_w.l(libinit2.o)
    0x080001f8   0x080001f8   0x0000000c   Code   RO         4129    .ARM.Collect$$libinit$$00000012  c_w.l(libinit2.o)
    0x08000204   0x08000204   0x00000000   Code   RO         4130    .ARM.Collect$$libinit$$00000013  c_w.l(libinit2.o)
    0x08000204   0x08000204   0x00000000   Code   RO         4132    .ARM.Collect$$libinit$$00000015  c_w.l(libinit2.o)
    0x08000204   0x08000204   0x0000000a   Code   RO         4133    .ARM.Collect$$libinit$$00000016  c_w.l(libinit2.o)
    0x0800020e   0x0800020e   0x00000000   Code   RO         4134    .ARM.Collect$$libinit$$00000017  c_w.l(libinit2.o)
    0x0800020e   0x0800020e   0x00000000   Code   RO         4136    .ARM.Collect$$libinit$$00000019  c_w.l(libinit2.o)
    0x0800020e   0x0800020e   0x00000000   Code   RO         4138    .ARM.Collect$$libinit$$0000001B  c_w.l(libinit2.o)
    0x0800020e   0x0800020e   0x00000000   Code   RO         4140    .ARM.Collect$$libinit$$0000001D  c_w.l(libinit2.o)
    0x0800020e   0x0800020e   0x00000000   Code   RO         4142    .ARM.Collect$$libinit$$0000001F  c_w.l(libinit2.o)
    0x0800020e   0x0800020e   0x00000000   Code   RO         4144    .ARM.Collect$$libinit$$00000021  c_w.l(libinit2.o)
    0x0800020e   0x0800020e   0x00000000   Code   RO         4146    .ARM.Collect$$libinit$$00000023  c_w.l(libinit2.o)
    0x0800020e   0x0800020e   0x00000000   Code   RO         4148    .ARM.Collect$$libinit$$00000025  c_w.l(libinit2.o)
    0x0800020e   0x0800020e   0x00000000   Code   RO         4152    .ARM.Collect$$libinit$$0000002C  c_w.l(libinit2.o)
    0x0800020e   0x0800020e   0x00000000   Code   RO         4154    .ARM.Collect$$libinit$$0000002E  c_w.l(libinit2.o)
    0x0800020e   0x0800020e   0x00000000   Code   RO         4156    .ARM.Collect$$libinit$$00000030  c_w.l(libinit2.o)
    0x0800020e   0x0800020e   0x00000000   Code   RO         4158    .ARM.Collect$$libinit$$00000032  c_w.l(libinit2.o)
    0x0800020e   0x0800020e   0x00000002   Code   RO         4159    .ARM.Collect$$libinit$$00000033  c_w.l(libinit2.o)
    0x08000210   0x08000210   0x00000002   Code   RO         4179    .ARM.Collect$$libshutdown$$00000000  c_w.l(libshutdown.o)
    0x08000212   0x08000212   0x00000000   Code   RO         4192    .ARM.Collect$$libshutdown$$00000002  c_w.l(libshutdown2.o)
    0x08000212   0x08000212   0x00000000   Code   RO         4194    .ARM.Collect$$libshutdown$$00000004  c_w.l(libshutdown2.o)
    0x08000212   0x08000212   0x00000000   Code   RO         4197    .ARM.Collect$$libshutdown$$00000007  c_w.l(libshutdown2.o)
    0x08000212   0x08000212   0x00000000   Code   RO         4200    .ARM.Collect$$libshutdown$$0000000A  c_w.l(libshutdown2.o)
    0x08000212   0x08000212   0x00000000   Code   RO         4202    .ARM.Collect$$libshutdown$$0000000C  c_w.l(libshutdown2.o)
    0x08000212   0x08000212   0x00000000   Code   RO         4205    .ARM.Collect$$libshutdown$$0000000F  c_w.l(libshutdown2.o)
    0x08000212   0x08000212   0x00000002   Code   RO         4206    .ARM.Collect$$libshutdown$$00000010  c_w.l(libshutdown2.o)
    0x08000214   0x08000214   0x00000000   Code   RO         3914    .ARM.Collect$$rtentry$$00000000  c_w.l(__rtentry.o)
    0x08000214   0x08000214   0x00000000   Code   RO         4022    .ARM.Collect$$rtentry$$00000002  c_w.l(__rtentry2.o)
    0x08000214   0x08000214   0x00000006   Code   RO         4034    .ARM.Collect$$rtentry$$00000004  c_w.l(__rtentry4.o)
    0x0800021a   0x0800021a   0x00000000   Code   RO         4024    .ARM.Collect$$rtentry$$00000009  c_w.l(__rtentry2.o)
    0x0800021a   0x0800021a   0x00000004   Code   RO         4025    .ARM.Collect$$rtentry$$0000000A  c_w.l(__rtentry2.o)
    0x0800021e   0x0800021e   0x00000000   Code   RO         4027    .ARM.Collect$$rtentry$$0000000C  c_w.l(__rtentry2.o)
    0x0800021e   0x0800021e   0x00000008   Code   RO         4028    .ARM.Collect$$rtentry$$0000000D  c_w.l(__rtentry2.o)
    0x08000226   0x08000226   0x00000002   Code   RO         4108    .ARM.Collect$$rtexit$$00000000  c_w.l(rtexit.o)
    0x08000228   0x08000228   0x00000000   Code   RO         4161    .ARM.Collect$$rtexit$$00000002  c_w.l(rtexit2.o)
    0x08000228   0x08000228   0x00000004   Code   RO         4162    .ARM.Collect$$rtexit$$00000003  c_w.l(rtexit2.o)
    0x0800022c   0x0800022c   0x00000006   Code   RO         4163    .ARM.Collect$$rtexit$$00000004  c_w.l(rtexit2.o)
    0x08000232   0x08000232   0x00000002   PAD
    0x08000234   0x08000234   0x00000040   Code   RO           20    .text               startup_stm32f10x_md.o
    0x08000274   0x08000274   0x00000024   Code   RO         3894    .text               c_w.l(vsprintf.o)
    0x08000298   0x08000298   0x00000006   Code   RO         3896    .text               c_w.l(heapauxi.o)
    0x0800029e   0x0800029e   0x0000004e   Code   RO         3917    .text               c_w.l(_printf_pad.o)
    0x080002ec   0x080002ec   0x00000024   Code   RO         3919    .text               c_w.l(_printf_truncate.o)
    0x08000310   0x08000310   0x00000052   Code   RO         3921    .text               c_w.l(_printf_str.o)
    0x08000362   0x08000362   0x00000002   PAD
    0x08000364   0x08000364   0x00000078   Code   RO         3923    .text               c_w.l(_printf_dec.o)
    0x080003dc   0x080003dc   0x00000028   Code   RO         3925    .text               c_w.l(_printf_charcount.o)
    0x08000404   0x08000404   0x00000030   Code   RO         3927    .text               c_w.l(_printf_char_common.o)
    0x08000434   0x08000434   0x0000000a   Code   RO         3929    .text               c_w.l(_sputc.o)
    0x0800043e   0x0800043e   0x00000002   PAD
    0x08000440   0x08000440   0x000000bc   Code   RO         3931    .text               c_w.l(_printf_wctomb.o)
    0x080004fc   0x080004fc   0x0000007c   Code   RO         3934    .text               c_w.l(_printf_longlong_dec.o)
    0x08000578   0x08000578   0x00000070   Code   RO         3940    .text               c_w.l(_printf_oct_int_ll.o)
    0x080005e8   0x080005e8   0x00000094   Code   RO         3960    .text               c_w.l(_printf_hex_int_ll_ptr.o)
    0x0800067c   0x0800067c   0x00000188   Code   RO         3980    .text               c_w.l(__printf_flags_ss_wp.o)
    0x08000804   0x08000804   0x0000008a   Code   RO         4036    .text               c_w.l(lludiv10.o)
    0x0800088e   0x0800088e   0x000000b2   Code   RO         4038    .text               c_w.l(_printf_intcommon.o)
    0x08000940   0x08000940   0x0000041e   Code   RO         4040    .text               c_w.l(_printf_fp_dec.o)
    0x08000d5e   0x08000d5e   0x00000002   PAD
    0x08000d60   0x08000d60   0x000002fc   Code   RO         4042    .text               c_w.l(_printf_fp_hex.o)
    0x0800105c   0x0800105c   0x0000002c   Code   RO         4047    .text               c_w.l(_printf_char.o)
    0x08001088   0x08001088   0x0000002c   Code   RO         4049    .text               c_w.l(_printf_wchar.o)
    0x080010b4   0x080010b4   0x00000040   Code   RO         4052    .text               c_w.l(_wcrtomb.o)
    0x080010f4   0x080010f4   0x0000004a   Code   RO         4054    .text               c_w.l(sys_stackheap_outer.o)
    0x0800113e   0x0800113e   0x00000002   PAD
    0x08001140   0x08001140   0x00000010   Code   RO         4056    .text               c_w.l(rt_ctype_table.o)
    0x08001150   0x08001150   0x00000008   Code   RO         4061    .text               c_w.l(rt_locale_intlibspace.o)
    0x08001158   0x08001158   0x00000080   Code   RO         4063    .text               c_w.l(_printf_fp_infnan.o)
    0x080011d8   0x080011d8   0x000000e4   Code   RO         4065    .text               c_w.l(bigflt0.o)
    0x080012bc   0x080012bc   0x00000012   Code   RO         4093    .text               c_w.l(exit.o)
    0x080012ce   0x080012ce   0x00000002   PAD
    0x080012d0   0x080012d0   0x00000008   Code   RO         4105    .text               c_w.l(libspace.o)
    0x080012d8   0x080012d8   0x00000080   Code   RO         4113    .text               c_w.l(strcmpv7m.o)
    0x08001358   0x08001358   0x0000000c   Code   RO         4171    .text               c_w.l(sys_exit.o)
    0x08001364   0x08001364   0x00000002   Code   RO         4182    .text               c_w.l(use_no_semi.o)
    0x08001366   0x08001366   0x00000000   Code   RO         4184    .text               c_w.l(indicate_semi.o)
    0x08001366   0x08001366   0x0000003e   Code   RO         4068    CL$$btod_d2e        c_w.l(btod.o)
    0x080013a4   0x080013a4   0x00000046   Code   RO         4070    CL$$btod_d2e_denorm_low  c_w.l(btod.o)
    0x080013ea   0x080013ea   0x00000060   Code   RO         4069    CL$$btod_d2e_norm_op1  c_w.l(btod.o)
    0x0800144a   0x0800144a   0x00000338   Code   RO         4078    CL$$btod_div_common  c_w.l(btod.o)
    0x08001782   0x08001782   0x000000dc   Code   RO         4075    CL$$btod_e2e        c_w.l(btod.o)
    0x0800185e   0x0800185e   0x0000002a   Code   RO         4072    CL$$btod_ediv       c_w.l(btod.o)
    0x08001888   0x08001888   0x0000002a   Code   RO         4071    CL$$btod_emul       c_w.l(btod.o)
    0x080018b2   0x080018b2   0x00000244   Code   RO         4077    CL$$btod_mult_common  c_w.l(btod.o)
    0x08001af6   0x08001af6   0x00000004   Code   RO         3829    i.BusFault_Handler  stm32f10x_it.o
    0x08001afa   0x08001afa   0x00000002   Code   RO         3830    i.DebugMon_Handler  stm32f10x_it.o
    0x08001afc   0x08001afc   0x0000001c   Code   RO         3742    i.Encoder_Get_TIM3  encoder.o
    0x08001b18   0x08001b18   0x00000138   Code   RO         3744    i.Encoder_Init      encoder.o
    0x08001c50   0x08001c50   0x00000116   Code   RO         1347    i.GPIO_Init         stm32f10x_gpio.o
    0x08001d66   0x08001d66   0x00000004   Code   RO         1354    i.GPIO_ResetBits    stm32f10x_gpio.o
    0x08001d6a   0x08001d6a   0x00000004   Code   RO         1355    i.GPIO_SetBits      stm32f10x_gpio.o
    0x08001d6e   0x08001d6e   0x0000000a   Code   RO         1358    i.GPIO_WriteBit     stm32f10x_gpio.o
    0x08001d78   0x08001d78   0x00000004   Code   RO         3831    i.HardFault_Handler  stm32f10x_it.o
    0x08001d7c   0x08001d7c   0x0000001c   Code   RO         3369    i.Key_GetNum        key.o
    0x08001d98   0x08001d98   0x0000002c   Code   RO         3371    i.Key_Init          key.o
    0x08001dc4   0x08001dc4   0x00000004   Code   RO         3832    i.MemManage_Handler  stm32f10x_it.o
    0x08001dc8   0x08001dc8   0x00000038   Code   RO         3620    i.Motor_Init        motor.o
    0x08001e00   0x08001e00   0x00000048   Code   RO         3621    i.Motor_SetSpeed1   motor.o
    0x08001e48   0x08001e48   0x00000002   Code   RO         3833    i.NMI_Handler       stm32f10x_it.o
    0x08001e4a   0x08001e4a   0x00000002   PAD
    0x08001e4c   0x08001e4c   0x00000070   Code   RO          137    i.NVIC_Init         misc.o
    0x08001ebc   0x08001ebc   0x00000014   Code   RO          138    i.NVIC_PriorityGroupConfig  misc.o
    0x08001ed0   0x08001ed0   0x0000002a   Code   RO         3405    i.OLED_Clear        oled.o
    0x08001efa   0x08001efa   0x00000002   PAD
    0x08001efc   0x08001efc   0x00000050   Code   RO         3406    i.OLED_I2C_Init     oled.o
    0x08001f4c   0x08001f4c   0x0000005c   Code   RO         3407    i.OLED_I2C_SendByte  oled.o
    0x08001fa8   0x08001fa8   0x00000034   Code   RO         3408    i.OLED_I2C_Start    oled.o
    0x08001fdc   0x08001fdc   0x00000028   Code   RO         3409    i.OLED_I2C_Stop     oled.o
    0x08002004   0x08002004   0x000000ae   Code   RO         3410    i.OLED_Init         oled.o
    0x080020b2   0x080020b2   0x00000022   Code   RO         3412    i.OLED_SetCursor    oled.o
    0x080020d4   0x080020d4   0x00000020   Code   RO         3419    i.OLED_WriteCommand  oled.o
    0x080020f4   0x080020f4   0x00000020   Code   RO         3420    i.OLED_WriteData    oled.o
    0x08002114   0x08002114   0x000000a0   Code   RO         3596    i.PWM_Init          pwm.o
    0x080021b4   0x080021b4   0x00000010   Code   RO         3597    i.PWM_SetCompare3   pwm.o
    0x080021c4   0x080021c4   0x00000002   Code   RO         3834    i.PendSV_Handler    stm32f10x_it.o
    0x080021c6   0x080021c6   0x00000002   PAD
    0x080021c8   0x080021c8   0x00000020   Code   RO         1775    i.RCC_APB1PeriphClockCmd  stm32f10x_rcc.o
    0x080021e8   0x080021e8   0x00000020   Code   RO         1777    i.RCC_APB2PeriphClockCmd  stm32f10x_rcc.o
    0x08002208   0x08002208   0x000000d4   Code   RO         1785    i.RCC_GetClocksFreq  stm32f10x_rcc.o
    0x080022dc   0x080022dc   0x00000002   Code   RO         3835    i.SVC_Handler       stm32f10x_it.o
    0x080022de   0x080022de   0x00000002   PAD
    0x080022e0   0x080022e0   0x000000b8   Code   RO         3671    i.Serial_Init       serial.o
    0x08002398   0x08002398   0x00000024   Code   RO         3673    i.Serial_Printf     serial.o
    0x080023bc   0x080023bc   0x00000020   Code   RO         3675    i.Serial_SendByte   serial.o
    0x080023dc   0x080023dc   0x0000001a   Code   RO         3677    i.Serial_SendString  serial.o
    0x080023f6   0x080023f6   0x00000008   Code   RO           24    i.SetSysClock       system_stm32f10x.o
    0x080023fe   0x080023fe   0x00000002   PAD
    0x08002400   0x08002400   0x000000e0   Code   RO           25    i.SetSysClockTo72   system_stm32f10x.o
    0x080024e0   0x080024e0   0x00000002   Code   RO         3836    i.SysTick_Handler   stm32f10x_it.o
    0x080024e2   0x080024e2   0x00000002   PAD
    0x080024e4   0x080024e4   0x00000060   Code   RO           27    i.SystemInit        system_stm32f10x.o
    0x08002544   0x08002544   0x00000080   Code   RO         2405    i.TI1_Config        stm32f10x_tim.o
    0x080025c4   0x080025c4   0x00000098   Code   RO         2406    i.TI2_Config        stm32f10x_tim.o
    0x0800265c   0x0800265c   0x00000090   Code   RO         2407    i.TI3_Config        stm32f10x_tim.o
    0x080026ec   0x080026ec   0x00000098   Code   RO         2408    i.TI4_Config        stm32f10x_tim.o
    0x08002784   0x08002784   0x00000044   Code   RO         3781    i.TIM2_IRQHandler   main.o
    0x080027c8   0x080027c8   0x0000007c   Code   RO         3220    i.TIM2_Init         timer.o
    0x08002844   0x08002844   0x0000005c   Code   RO         3221    i.TIM3_Init         timer.o
    0x080028a0   0x080028a0   0x00000006   Code   RO         2415    i.TIM_ClearFlag     stm32f10x_tim.o
    0x080028a6   0x080028a6   0x00000006   Code   RO         2416    i.TIM_ClearITPendingBit  stm32f10x_tim.o
    0x080028ac   0x080028ac   0x00000018   Code   RO         2421    i.TIM_Cmd           stm32f10x_tim.o
    0x080028c4   0x080028c4   0x00000042   Code   RO         2430    i.TIM_EncoderInterfaceConfig  stm32f10x_tim.o
    0x08002906   0x08002906   0x00000006   Code   RO         2440    i.TIM_GetCounter    stm32f10x_tim.o
    0x0800290c   0x0800290c   0x00000022   Code   RO         2442    i.TIM_GetITStatus   stm32f10x_tim.o
    0x0800292e   0x0800292e   0x00000002   PAD
    0x08002930   0x08002930   0x000000ac   Code   RO         2444    i.TIM_ICInit        stm32f10x_tim.o
    0x080029dc   0x080029dc   0x00000012   Code   RO         2445    i.TIM_ICStructInit  stm32f10x_tim.o
    0x080029ee   0x080029ee   0x00000012   Code   RO         2446    i.TIM_ITConfig      stm32f10x_tim.o
    0x08002a00   0x08002a00   0x0000000c   Code   RO         2448    i.TIM_InternalClockConfig  stm32f10x_tim.o
    0x08002a0c   0x08002a0c   0x000000a0   Code   RO         2460    i.TIM_OC3Init       stm32f10x_tim.o
    0x08002aac   0x08002aac   0x0000007c   Code   RO         2465    i.TIM_OC4Init       stm32f10x_tim.o
    0x08002b28   0x08002b28   0x00000014   Code   RO         2468    i.TIM_OCStructInit  stm32f10x_tim.o
    0x08002b3c   0x08002b3c   0x00000004   Code   RO         2484    i.TIM_SetCompare3   stm32f10x_tim.o
    0x08002b40   0x08002b40   0x00000004   Code   RO         2486    i.TIM_SetCounter    stm32f10x_tim.o
    0x08002b44   0x08002b44   0x00000012   Code   RO         2487    i.TIM_SetIC1Prescaler  stm32f10x_tim.o
    0x08002b56   0x08002b56   0x0000001a   Code   RO         2488    i.TIM_SetIC2Prescaler  stm32f10x_tim.o
    0x08002b70   0x08002b70   0x00000012   Code   RO         2489    i.TIM_SetIC3Prescaler  stm32f10x_tim.o
    0x08002b82   0x08002b82   0x0000001a   Code   RO         2490    i.TIM_SetIC4Prescaler  stm32f10x_tim.o
    0x08002b9c   0x08002b9c   0x000000a4   Code   RO         2492    i.TIM_TimeBaseInit  stm32f10x_tim.o
    0x08002c40   0x08002c40   0x000000a0   Code   RO         3678    i.USART1_IRQHandler  serial.o
    0x08002ce0   0x08002ce0   0x0000001e   Code   RO         2957    i.USART_ClearITPendingBit  stm32f10x_usart.o
    0x08002cfe   0x08002cfe   0x00000018   Code   RO         2960    i.USART_Cmd         stm32f10x_usart.o
    0x08002d16   0x08002d16   0x0000001a   Code   RO         2963    i.USART_GetFlagStatus  stm32f10x_usart.o
    0x08002d30   0x08002d30   0x00000054   Code   RO         2964    i.USART_GetITStatus  stm32f10x_usart.o
    0x08002d84   0x08002d84   0x0000004a   Code   RO         2966    i.USART_ITConfig    stm32f10x_usart.o
    0x08002dce   0x08002dce   0x00000002   PAD
    0x08002dd0   0x08002dd0   0x000000d8   Code   RO         2967    i.USART_Init        stm32f10x_usart.o
    0x08002ea8   0x08002ea8   0x0000000a   Code   RO         2974    i.USART_ReceiveData  stm32f10x_usart.o
    0x08002eb2   0x08002eb2   0x00000008   Code   RO         2977    i.USART_SendData    stm32f10x_usart.o
    0x08002eba   0x08002eba   0x00000004   Code   RO         3837    i.UsageFault_Handler  stm32f10x_it.o
    0x08002ebe   0x08002ebe   0x00000028   Code   RO         4103    i.__ARM_fpclassify  m_ws.l(fpclassify.o)
    0x08002ee6   0x08002ee6   0x0000000e   Code   RO         3973    i._is_digit         c_w.l(__printf_wp.o)
    0x08002ef4   0x08002ef4   0x00000060   Code   RO         3782    i.main              main.o
    0x08002f54   0x08002f54   0x0000002c   Code   RO         4091    locale$$code        c_w.l(lc_numeric_c.o)
    0x08002f80   0x08002f80   0x0000002c   Code   RO         4111    locale$$code        c_w.l(lc_ctype_c.o)
    0x08002fac   0x08002fac   0x00000004   Code   RO         4012    x$fpl$printf1       fz_ws.l(printf1.o)
    0x08002fb0   0x08002fb0   0x00000004   Code   RO         4014    x$fpl$printf2       fz_ws.l(printf2.o)
    0x08002fb4   0x08002fb4   0x00000000   Code   RO         4020    x$fpl$usenofp       fz_ws.l(usenofp.o)
    0x08002fb4   0x08002fb4   0x00000008   Data   RO         3932    .constdata          c_w.l(_printf_wctomb.o)
    0x08002fbc   0x08002fbc   0x00000028   Data   RO         3961    .constdata          c_w.l(_printf_hex_int_ll_ptr.o)
    0x08002fe4   0x08002fe4   0x00000011   Data   RO         3981    .constdata          c_w.l(__printf_flags_ss_wp.o)
    0x08002ff5   0x08002ff5   0x00000026   Data   RO         4043    .constdata          c_w.l(_printf_fp_hex.o)
    0x0800301b   0x0800301b   0x00000001   PAD
    0x0800301c   0x0800301c   0x00000094   Data   RO         4066    .constdata          c_w.l(bigflt0.o)
    0x080030b0   0x080030b0   0x00000020   Data   RO         4237    Region$$Table       anon$$obj.o
    0x080030d0   0x080030d0   0x0000001c   Data   RO         4090    locale$$data        c_w.l(lc_numeric_c.o)
    0x080030ec   0x080030ec   0x00000110   Data   RO         4110    locale$$data        c_w.l(lc_ctype_c.o)


    Execution Region RW_IRAM1 (Exec base: 0x20000000, Load base: 0x080031fc, Size: 0x000006f0, Max: 0x00005000, ABSOLUTE)

    Exec Addr    Load Addr    Size         Type   Attr      Idx    E Section Name        Object

    0x20000000   0x080031fc   0x00000014   Data   RW         1805    .data               stm32f10x_rcc.o
    0x20000014   0x08003210   0x00000004   Data   RW         3373    .data               key.o
    0x20000018   0x08003214   0x00000003   Data   RW         3681    .data               serial.o
    0x2000001b   0x08003217   0x00000001   PAD
    0x2000001c   0x08003218   0x0000000a   Data   RW         3784    .data               main.o
    0x20000026   0x08003222   0x00000002   PAD
    0x20000028        -       0x00000064   Zero   RW         3680    .bss                serial.o
    0x2000008c        -       0x00000060   Zero   RW         4106    .bss                c_w.l(libspace.o)
    0x200000ec   0x08003222   0x00000004   PAD
    0x200000f0        -       0x00000200   Zero   RW           18    HEAP                startup_stm32f10x_md.o
    0x200002f0        -       0x00000400   Zero   RW           17    STACK               startup_stm32f10x_md.o


==============================================================================

Image component sizes


      Code (inc. data)   RO Data    RW Data    ZI Data      Debug   Object Name

         0          0          0          0          0       4540   core_cm3.o
       340         22          0          0          0       1134   encoder.o
        72         10          0          4          0       1469   key.o
       164         34          0         10          0       1580   main.o
       132         22          0          0          0     204643   misc.o
       128         10          0          0          0        919   motor.o
       578         16          0          0          0      12640   oled.o
       176          6          0          0          0       1033   pwm.o
       438         34          0          3        100       3832   serial.o
        64         26        236          0       1536        764   startup_stm32f10x_md.o
       296          0          0          0          0      11612   stm32f10x_gpio.o
        26          0          0          0          0       3542   stm32f10x_it.o
       276         32          0         20          0      12830   stm32f10x_rcc.o
      1502        170          0          0          0      34280   stm32f10x_tim.o
       472          6          0          0          0      12259   stm32f10x_usart.o
       328         28          0          0          0      10437   system_stm32f10x.o
       216          4          0          0          0     238848   timer.o

    ----------------------------------------------------------------------
      5224        420        268         40       1636     556362   Object Totals
         0          0         32          0          0          0   (incl. Generated)
        16          0          0          3          0          0   (incl. Padding)

    ----------------------------------------------------------------------

      Code (inc. data)   RO Data    RW Data    ZI Data      Debug   Library Member Name

         8          0          0          0          0         68   __main.o
       392          4         17          0          0         92   __printf_flags_ss_wp.o
        14          0          0          0          0         68   __printf_wp.o
         0          0          0          0          0          0   __rtentry.o
        12          0          0          0          0          0   __rtentry2.o
         6          0          0          0          0          0   __rtentry4.o
        52          8          0          0          0          0   __scatter.o
        26          0          0          0          0          0   __scatter_copy.o
        28          0          0          0          0          0   __scatter_zi.o
         6          0          0          0          0          0   _printf_a.o
         6          0          0          0          0          0   _printf_c.o
        44          0          0          0          0        108   _printf_char.o
        48          6          0          0          0         96   _printf_char_common.o
        40          0          0          0          0         68   _printf_charcount.o
         6          0          0          0          0          0   _printf_d.o
       120         16          0          0          0         92   _printf_dec.o
         6          0          0          0          0          0   _printf_e.o
         6          0          0          0          0          0   _printf_f.o
      1054          0          0          0          0        216   _printf_fp_dec.o
       764          8         38          0          0        100   _printf_fp_hex.o
       128         16          0          0          0         84   _printf_fp_infnan.o
         6          0          0          0          0          0   _printf_g.o
       148          4         40          0          0        160   _printf_hex_int_ll_ptr.o
         6          0          0          0          0          0   _printf_i.o
       178          0          0          0          0         88   _printf_intcommon.o
        10          0          0          0          0          0   _printf_l.o
         6          0          0          0          0          0   _printf_lc.o
        10          0          0          0          0          0   _printf_ll.o
         6          0          0          0          0          0   _printf_lld.o
         6          0          0          0          0          0   _printf_lli.o
         6          0          0          0          0          0   _printf_llo.o
         6          0          0          0          0          0   _printf_llu.o
         6          0          0          0          0          0   _printf_llx.o
       124         16          0          0          0         92   _printf_longlong_dec.o
         6          0          0          0          0          0   _printf_ls.o
         6          0          0          0          0          0   _printf_n.o
         6          0          0          0          0          0   _printf_o.o
       112         10          0          0          0        124   _printf_oct_int_ll.o
         6          0          0          0          0          0   _printf_p.o
        78          0          0          0          0        108   _printf_pad.o
         0          0          0          0          0          0   _printf_percent.o
         4          0          0          0          0          0   _printf_percent_end.o
         6          0          0          0          0          0   _printf_s.o
        82          0          0          0          0         80   _printf_str.o
        36          0          0          0          0         84   _printf_truncate.o
         6          0          0          0          0          0   _printf_u.o
        44          0          0          0          0        108   _printf_wchar.o
       188          6          8          0          0         92   _printf_wctomb.o
         6          0          0          0          0          0   _printf_x.o
        10          0          0          0          0         68   _sputc.o
        64          0          0          0          0         92   _wcrtomb.o
       228          4        148          0          0         96   bigflt0.o
      1936        128          0          0          0        672   btod.o
        18          0          0          0          0         80   exit.o
         6          0          0          0          0        152   heapauxi.o
         0          0          0          0          0          0   indicate_semi.o
        44         10        272          0          0         76   lc_ctype_c.o
        44         10         28          0          0         76   lc_numeric_c.o
         2          0          0          0          0          0   libinit.o
        30          0          0          0          0          0   libinit2.o
         2          0          0          0          0          0   libshutdown.o
         2          0          0          0          0          0   libshutdown2.o
         8          4          0          0         96         68   libspace.o
       138          0          0          0          0         80   lludiv10.o
        16          4          0          0          0         76   rt_ctype_table.o
         8          4          0          0          0         68   rt_locale_intlibspace.o
         2          0          0          0          0          0   rtexit.o
        10          0          0          0          0          0   rtexit2.o
       128          0          0          0          0         68   strcmpv7m.o
        12          4          0          0          0         68   sys_exit.o
        74          0          0          0          0         80   sys_stackheap_outer.o
         2          0          0          0          0         68   use_no_semi.o
        36          4          0          0          0         76   vsprintf.o
         4          0          0          0          0         68   printf1.o
         4          0          0          0          0         68   printf2.o
         0          0          0          0          0          0   usenofp.o
        40          0          0          0          0         68   fpclassify.o

    ----------------------------------------------------------------------
      6752        266        552          0        100       4096   Library Totals
        14          0          1          0          4          0   (incl. Padding)

    ----------------------------------------------------------------------

      Code (inc. data)   RO Data    RW Data    ZI Data      Debug   Library Name

      6690        266        551          0         96       3892   c_w.l
         8          0          0          0          0        136   fz_ws.l
        40          0          0          0          0         68   m_ws.l

    ----------------------------------------------------------------------
      6752        266        552          0        100       4096   Library Totals

    ----------------------------------------------------------------------

==============================================================================


      Code (inc. data)   RO Data    RW Data    ZI Data      Debug   

     11976        686        820         40       1736     554318   Grand Totals
     11976        686        820         40       1736     554318   ELF Image Totals
     11976        686        820         40          0          0   ROM Totals

==============================================================================

    Total RO  Size (Code + RO Data)                12796 (  12.50kB)
    Total RW  Size (RW Data + ZI Data)              1776 (   1.73kB)
    Total ROM Size (Code + RO Data + RW Data)      12836 (  12.54kB)

==============================================================================

